[  0%] Building CXX object CMakeFiles/quant_hft_core.dir/src/core/regulatory/wal_projection_replay.cpp.o
[  3%] Building CXX object CMakeFiles/quant_hft_core.dir/src/core/runtime/account_execution_scheduler.cpp.o
[  3%] Building CXX object CMakeFiles/quant_hft_core.dir/src/core/config/runtime_semantics_loader.cpp.o
[  3%] Building CXX object CMakeFiles/quant_hft_core.dir/src/core/runtime/runtime_identity.cpp.o
[  3%] Building CXX object CMakeFiles/quant_hft_core.dir/src/core/runtime/durable_order_event_inbox.cpp.o
[  7%] Building CXX object CMakeFiles/quant_hft_core.dir/src/backtest/broker.cpp.o
[  7%] Building CXX object CMakeFiles/quant_hft_core.dir/src/core/runtime/runtime_paths.cpp.o
[  7%] Building CXX object CMakeFiles/quant_hft_core.dir/src/backtest/backtest_data_feed.cpp.o
[  7%] Building CXX object CMakeFiles/quant_hft_core.dir/src/backtest/engine.cpp.o
[  7%] Building CXX object CMakeFiles/quant_hft_core.dir/src/backtest/performance.cpp.o
[ 10%] Building CXX object CMakeFiles/quant_hft_core.dir/src/backtest/backtest_metrics.cpp.o
[ 10%] Building CXX object CMakeFiles/quant_hft_core.dir/src/backtest/live_data_feed.cpp.o
[ 10%] Building CXX object CMakeFiles/quant_hft_core.dir/src/apps/backtest_result_export.cpp.o
[ 10%] Building CXX object CMakeFiles/quant_hft_core.dir/src/optim/parameter_space.cpp.o
[ 10%] Building CXX object CMakeFiles/quant_hft_core.dir/src/optim/grid_search.cpp.o
[ 14%] Building CXX object CMakeFiles/quant_hft_core.dir/src/optim/random_search.cpp.o
[ 14%] Building CXX object CMakeFiles/quant_hft_core.dir/src/optim/task_scheduler.cpp.o
[ 14%] Building CXX object CMakeFiles/quant_hft_core.dir/src/optim/result_analyzer.cpp.o
[ 14%] Building CXX object CMakeFiles/quant_hft_core.dir/src/optim/temp_config_generator.cpp.o
[ 17%] Building CXX object CMakeFiles/quant_hft_core.dir/src/rolling/rolling_config.cpp.o
In file included from /tmp/quant-hft-stage2-snapshot/src/apps/backtest_result_export.cpp:12:
/tmp/quant-hft-stage2-snapshot/include/quant_hft/apps/backtest_replay_support.h: In function ‘bool quant_hft::apps::LoadParquetTicks(const quant_hft::apps::BacktestCliSpec&, std::vector<quant_hft::apps::ReplayTick>*, quant_hft::apps::ReplayReport*, std::string*)’:
/tmp/quant-hft-stage2-snapshot/include/quant_hft/apps/backtest_replay_support.h:3352:21: warning: C++ designated initializers only available with ‘-std=c++20’ or ‘-std=gnu++20’ [-Wpedantic]
 3352 |                     .ts_ns = streams[index][0].ts_ns,
      |                     ^
/tmp/quant-hft-stage2-snapshot/include/quant_hft/apps/backtest_replay_support.h:3353:21: warning: C++ designated initializers only available with ‘-std=c++20’ or ‘-std=gnu++20’ [-Wpedantic]
 3353 |                     .instrument_id = streams[index][0].instrument_id,
      |                     ^
/tmp/quant-hft-stage2-snapshot/include/quant_hft/apps/backtest_replay_support.h:3354:21: warning: C++ designated initializers only available with ‘-std=c++20’ or ‘-std=gnu++20’ [-Wpedantic]
 3354 |                     .stream_index = index,
      |                     ^
/tmp/quant-hft-stage2-snapshot/include/quant_hft/apps/backtest_replay_support.h:3355:21: warning: C++ designated initializers only available with ‘-std=c++20’ or ‘-std=gnu++20’ [-Wpedantic]
 3355 |                     .row_index = 0,
      |                     ^
/tmp/quant-hft-stage2-snapshot/include/quant_hft/apps/backtest_replay_support.h:3375:21: warning: C++ designated initializers only available with ‘-std=c++20’ or ‘-std=gnu++20’ [-Wpedantic]
 3375 |                     .ts_ns = next_tick.ts_ns,
      |                     ^
/tmp/quant-hft-stage2-snapshot/include/quant_hft/apps/backtest_replay_support.h:3376:21: warning: C++ designated initializers only available with ‘-std=c++20’ or ‘-std=gnu++20’ [-Wpedantic]
 3376 |                     .instrument_id = next_tick.instrument_id,
      |                     ^
/tmp/quant-hft-stage2-snapshot/include/quant_hft/apps/backtest_replay_support.h:3377:21: warning: C++ designated initializers only available with ‘-std=c++20’ or ‘-std=gnu++20’ [-Wpedantic]
 3377 |                     .stream_index = node.stream_index,
      |                     ^
/tmp/quant-hft-stage2-snapshot/include/quant_hft/apps/backtest_replay_support.h:3378:21: warning: C++ designated initializers only available with ‘-std=c++20’ or ‘-std=gnu++20’ [-Wpedantic]
 3378 |                     .row_index = next_row,
      |                     ^
[ 17%] Building CXX object CMakeFiles/quant_hft_core.dir/src/rolling/window_generator.cpp.o
[ 17%] Building CXX object CMakeFiles/quant_hft_core.dir/src/rolling/metric_extractor.cpp.o
[ 17%] Building CXX object CMakeFiles/quant_hft_core.dir/src/rolling/rolling_runner.cpp.o
[ 21%] Building CXX object CMakeFiles/quant_hft_core.dir/src/rolling/oos_top10_validation.cpp.o
[ 21%] Building CXX object CMakeFiles/quant_hft_core.dir/src/rolling/rolling_report_writer.cpp.o
[ 21%] Building CXX object CMakeFiles/quant_hft_core.dir/src/indicators/adx.cpp.o
[ 21%] Building CXX object CMakeFiles/quant_hft_core.dir/src/indicators/atr.cpp.o
[ 25%] Building CXX object CMakeFiles/quant_hft_core.dir/src/indicators/ema.cpp.o
[ 25%] Building CXX object CMakeFiles/quant_hft_core.dir/src/indicators/kama.cpp.o
[ 25%] Building CXX object CMakeFiles/quant_hft_core.dir/src/indicators/sma.cpp.o
In file included from /tmp/quant-hft-stage2-snapshot/include/quant_hft/rolling/metric_extractor.h:5,
                 from /tmp/quant-hft-stage2-snapshot/src/rolling/metric_extractor.cpp:1:
/tmp/quant-hft-stage2-snapshot/include/quant_hft/apps/backtest_replay_support.h: In function ‘bool quant_hft::apps::LoadParquetTicks(const quant_hft::apps::BacktestCliSpec&, std::vector<quant_hft::apps::ReplayTick>*, quant_hft::apps::ReplayReport*, std::string*)’:
/tmp/quant-hft-stage2-snapshot/include/quant_hft/apps/backtest_replay_support.h:3352:21: warning: C++ designated initializers only available with ‘-std=c++20’ or ‘-std=gnu++20’ [-Wpedantic]
 3352 |                     .ts_ns = streams[index][0].ts_ns,
      |                     ^
/tmp/quant-hft-stage2-snapshot/include/quant_hft/apps/backtest_replay_support.h:3353:21: warning: C++ designated initializers only available with ‘-std=c++20’ or ‘-std=gnu++20’ [-Wpedantic]
 3353 |                     .instrument_id = streams[index][0].instrument_id,
      |                     ^
/tmp/quant-hft-stage2-snapshot/include/quant_hft/apps/backtest_replay_support.h:3354:21: warning: C++ designated initializers only available with ‘-std=c++20’ or ‘-std=gnu++20’ [-Wpedantic]
 3354 |                     .stream_index = index,
      |                     ^
/tmp/quant-hft-stage2-snapshot/include/quant_hft/apps/backtest_replay_support.h:3355:21: warning: C++ designated initializers only available with ‘-std=c++20’ or ‘-std=gnu++20’ [-Wpedantic]
 3355 |                     .row_index = 0,
      |                     ^
/tmp/quant-hft-stage2-snapshot/include/quant_hft/apps/backtest_replay_support.h:3375:21: warning: C++ designated initializers only available with ‘-std=c++20’ or ‘-std=gnu++20’ [-Wpedantic]
 3375 |                     .ts_ns = next_tick.ts_ns,
      |                     ^
/tmp/quant-hft-stage2-snapshot/include/quant_hft/apps/backtest_replay_support.h:3376:21: warning: C++ designated initializers only available with ‘-std=c++20’ or ‘-std=gnu++20’ [-Wpedantic]
 3376 |                     .instrument_id = next_tick.instrument_id,
      |                     ^
/tmp/quant-hft-stage2-snapshot/include/quant_hft/apps/backtest_replay_support.h:3377:21: warning: C++ designated initializers only available with ‘-std=c++20’ or ‘-std=gnu++20’ [-Wpedantic]
 3377 |                     .stream_index = node.stream_index,
      |                     ^
/tmp/quant-hft-stage2-snapshot/include/quant_hft/apps/backtest_replay_support.h:3378:21: warning: C++ designated initializers only available with ‘-std=c++20’ or ‘-std=gnu++20’ [-Wpedantic]
 3378 |                     .row_index = next_row,
      |                     ^
In file included from /tmp/quant-hft-stage2-snapshot/include/quant_hft/rolling/oos_top10_validation.h:8,
                 from /tmp/quant-hft-stage2-snapshot/src/rolling/oos_top10_validation.cpp:1:
/tmp/quant-hft-stage2-snapshot/include/quant_hft/apps/backtest_replay_support.h: In function ‘bool quant_hft::apps::LoadParquetTicks(const quant_hft::apps::BacktestCliSpec&, std::vector<quant_hft::apps::ReplayTick>*, quant_hft::apps::ReplayReport*, std::string*)’:
/tmp/quant-hft-stage2-snapshot/include/quant_hft/apps/backtest_replay_support.h:3352:21: warning: C++ designated initializers only available with ‘-std=c++20’ or ‘-std=gnu++20’ [-Wpedantic]
 3352 |                     .ts_ns = streams[index][0].ts_ns,
      |                     ^
/tmp/quant-hft-stage2-snapshot/include/quant_hft/apps/backtest_replay_support.h:3353:21: warning: C++ designated initializers only available with ‘-std=c++20’ or ‘-std=gnu++20’ [-Wpedantic]
 3353 |                     .instrument_id = streams[index][0].instrument_id,
      |                     ^
/tmp/quant-hft-stage2-snapshot/include/quant_hft/apps/backtest_replay_support.h:3354:21: warning: C++ designated initializers only available with ‘-std=c++20’ or ‘-std=gnu++20’ [-Wpedantic]
 3354 |                     .stream_index = index,
      |                     ^
/tmp/quant-hft-stage2-snapshot/include/quant_hft/apps/backtest_replay_support.h:3355:21: warning: C++ designated initializers only available with ‘-std=c++20’ or ‘-std=gnu++20’ [-Wpedantic]
 3355 |                     .row_index = 0,
      |                     ^
/tmp/quant-hft-stage2-snapshot/include/quant_hft/apps/backtest_replay_support.h:3375:21: warning: C++ designated initializers only available with ‘-std=c++20’ or ‘-std=gnu++20’ [-Wpedantic]
 3375 |                     .ts_ns = next_tick.ts_ns,
      |                     ^
/tmp/quant-hft-stage2-snapshot/include/quant_hft/apps/backtest_replay_support.h:3376:21: warning: C++ designated initializers only available with ‘-std=c++20’ or ‘-std=gnu++20’ [-Wpedantic]
 3376 |                     .instrument_id = next_tick.instrument_id,
      |                     ^
/tmp/quant-hft-stage2-snapshot/include/quant_hft/apps/backtest_replay_support.h:3377:21: warning: C++ designated initializers only available with ‘-std=c++20’ or ‘-std=gnu++20’ [-Wpedantic]
 3377 |                     .stream_index = node.stream_index,
      |                     ^
/tmp/quant-hft-stage2-snapshot/include/quant_hft/apps/backtest_replay_support.h:3378:21: warning: C++ designated initializers only available with ‘-std=c++20’ or ‘-std=gnu++20’ [-Wpedantic]
 3378 |                     .row_index = next_row,
      |                     ^
In file included from /tmp/quant-hft-stage2-snapshot/include/quant_hft/rolling/rolling_runner.h:8,
                 from /tmp/quant-hft-stage2-snapshot/src/rolling/rolling_runner.cpp:1:
/tmp/quant-hft-stage2-snapshot/include/quant_hft/apps/backtest_replay_support.h: In function ‘bool quant_hft::apps::LoadParquetTicks(const quant_hft::apps::BacktestCliSpec&, std::vector<quant_hft::apps::ReplayTick>*, quant_hft::apps::ReplayReport*, std::string*)’:
/tmp/quant-hft-stage2-snapshot/include/quant_hft/apps/backtest_replay_support.h:3352:21: warning: C++ designated initializers only available with ‘-std=c++20’ or ‘-std=gnu++20’ [-Wpedantic]
 3352 |                     .ts_ns = streams[index][0].ts_ns,
      |                     ^
/tmp/quant-hft-stage2-snapshot/include/quant_hft/apps/backtest_replay_support.h:3353:21: warning: C++ designated initializers only available with ‘-std=c++20’ or ‘-std=gnu++20’ [-Wpedantic]
 3353 |                     .instrument_id = streams[index][0].instrument_id,
      |                     ^
/tmp/quant-hft-stage2-snapshot/include/quant_hft/apps/backtest_replay_support.h:3354:21: warning: C++ designated initializers only available with ‘-std=c++20’ or ‘-std=gnu++20’ [-Wpedantic]
 3354 |                     .stream_index = index,
      |                     ^
/tmp/quant-hft-stage2-snapshot/include/quant_hft/apps/backtest_replay_support.h:3355:21: warning: C++ designated initializers only available with ‘-std=c++20’ or ‘-std=gnu++20’ [-Wpedantic]
 3355 |                     .row_index = 0,
      |                     ^
/tmp/quant-hft-stage2-snapshot/include/quant_hft/apps/backtest_replay_support.h:3375:21: warning: C++ designated initializers only available with ‘-std=c++20’ or ‘-std=gnu++20’ [-Wpedantic]
 3375 |                     .ts_ns = next_tick.ts_ns,
      |                     ^
/tmp/quant-hft-stage2-snapshot/include/quant_hft/apps/backtest_replay_support.h:3376:21: warning: C++ designated initializers only available with ‘-std=c++20’ or ‘-std=gnu++20’ [-Wpedantic]
 3376 |                     .instrument_id = next_tick.instrument_id,
      |                     ^
/tmp/quant-hft-stage2-snapshot/include/quant_hft/apps/backtest_replay_support.h:3377:21: warning: C++ designated initializers only available with ‘-std=c++20’ or ‘-std=gnu++20’ [-Wpedantic]
 3377 |                     .stream_index = node.stream_index,
      |                     ^
/tmp/quant-hft-stage2-snapshot/include/quant_hft/apps/backtest_replay_support.h:3378:21: warning: C++ designated initializers only available with ‘-std=c++20’ or ‘-std=gnu++20’ [-Wpedantic]
 3378 |                     .row_index = next_row,
      |                     ^
[ 25%] Building CXX object CMakeFiles/quant_hft_core.dir/src/strategy/base_strategy.cpp.o
[ 28%] Building CXX object CMakeFiles/quant_hft_core.dir/src/strategy/strategy_registry.cpp.o
In file included from /tmp/quant-hft-stage2-snapshot/include/quant_hft/rolling/rolling_runner.h:8,
                 from /tmp/quant-hft-stage2-snapshot/include/quant_hft/rolling/rolling_report_writer.h:5,
                 from /tmp/quant-hft-stage2-snapshot/src/rolling/rolling_report_writer.cpp:1:
/tmp/quant-hft-stage2-snapshot/include/quant_hft/apps/backtest_replay_support.h: In function ‘bool quant_hft::apps::LoadParquetTicks(const quant_hft::apps::BacktestCliSpec&, std::vector<quant_hft::apps::ReplayTick>*, quant_hft::apps::ReplayReport*, std::string*)’:
/tmp/quant-hft-stage2-snapshot/include/quant_hft/apps/backtest_replay_support.h:3352:21: warning: C++ designated initializers only available with ‘-std=c++20’ or ‘-std=gnu++20’ [-Wpedantic]
 3352 |                     .ts_ns = streams[index][0].ts_ns,
      |                     ^
/tmp/quant-hft-stage2-snapshot/include/quant_hft/apps/backtest_replay_support.h:3353:21: warning: C++ designated initializers only available with ‘-std=c++20’ or ‘-std=gnu++20’ [-Wpedantic]
 3353 |                     .instrument_id = streams[index][0].instrument_id,
      |                     ^
/tmp/quant-hft-stage2-snapshot/include/quant_hft/apps/backtest_replay_support.h:3354:21: warning: C++ designated initializers only available with ‘-std=c++20’ or ‘-std=gnu++20’ [-Wpedantic]
 3354 |                     .stream_index = index,
      |                     ^
/tmp/quant-hft-stage2-snapshot/include/quant_hft/apps/backtest_replay_support.h:3355:21: warning: C++ designated initializers only available with ‘-std=c++20’ or ‘-std=gnu++20’ [-Wpedantic]
 3355 |                     .row_index = 0,
      |                     ^
/tmp/quant-hft-stage2-snapshot/include/quant_hft/apps/backtest_replay_support.h:3375:21: warning: C++ designated initializers only available with ‘-std=c++20’ or ‘-std=gnu++20’ [-Wpedantic]
 3375 |                     .ts_ns = next_tick.ts_ns,
      |                     ^
/tmp/quant-hft-stage2-snapshot/include/quant_hft/apps/backtest_replay_support.h:3376:21: warning: C++ designated initializers only available with ‘-std=c++20’ or ‘-std=gnu++20’ [-Wpedantic]
 3376 |                     .instrument_id = next_tick.instrument_id,
      |                     ^
/tmp/quant-hft-stage2-snapshot/include/quant_hft/apps/backtest_replay_support.h:3377:21: warning: C++ designated initializers only available with ‘-std=c++20’ or ‘-std=gnu++20’ [-Wpedantic]
 3377 |                     .stream_index = node.stream_index,
      |                     ^
/tmp/quant-hft-stage2-snapshot/include/quant_hft/apps/backtest_replay_support.h:3378:21: warning: C++ designated initializers only available with ‘-std=c++20’ or ‘-std=gnu++20’ [-Wpedantic]
 3378 |                     .row_index = next_row,
      |                     ^
[ 28%] Building CXX object CMakeFiles/quant_hft_core.dir/src/strategy/strategy_engine.cpp.o
[ 28%] Building CXX object CMakeFiles/quant_hft_core.dir/src/strategy/demo_live_strategy.cpp.o
[ 28%] Building CXX object CMakeFiles/quant_hft_core.dir/src/strategy/atomic_factory.cpp.o
[ 28%] Building CXX object CMakeFiles/quant_hft_core.dir/src/strategy/signal_merger.cpp.o
[ 32%] Building CXX object CMakeFiles/quant_hft_core.dir/src/strategy/state_persistence.cpp.o
[ 32%] Building CXX object CMakeFiles/quant_hft_core.dir/src/strategy/composite_config_loader.cpp.o
[ 32%] Building CXX object CMakeFiles/quant_hft_core.dir/src/strategy/strategy_main_config_loader.cpp.o
[ 35%] Building CXX object CMakeFiles/quant_hft_core.dir/src/strategy/atomic/kama_trend_strategy.cpp.o
[ 32%] Building CXX object CMakeFiles/quant_hft_core.dir/src/strategy/composite_strategy.cpp.o
[ 35%] Building CXX object CMakeFiles/quant_hft_core.dir/src/strategy/atomic/trend_strategy.cpp.o
[ 35%] Building CXX object CMakeFiles/quant_hft_core.dir/src/strategy/atomic/time_filter.cpp.o
[ 35%] Building CXX object CMakeFiles/quant_hft_core.dir/src/strategy/atomic/max_position_risk_control.cpp.o
[ 39%] Building CXX object CMakeFiles/quant_hft_core.dir/src/strategy/atomic/register_builtin_atomic_strategies.cpp.o
[ 39%] Building CXX object CMakeFiles/quant_hft_core.dir/src/core/backtest/indicator_trace_csv_writer.cpp.o
[ 39%] Building CXX object CMakeFiles/quant_hft_core.dir/src/core/backtest/indicator_trace_parquet_writer.cpp.o
[ 39%] Building CXX object CMakeFiles/quant_hft_core.dir/src/core/backtest/contract_expiry_calendar.cpp.o
[ 42%] Building CXX object CMakeFiles/quant_hft_core.dir/src/core/backtest/product_fee_config_loader.cpp.o
[ 42%] Building CXX object CMakeFiles/quant_hft_core.dir/src/core/backtest/sub_strategy_indicator_trace_csv_writer.cpp.o
[ 42%] Building CXX object CMakeFiles/quant_hft_core.dir/src/core/backtest/sub_strategy_indicator_trace_parquet_writer.cpp.o
/tmp/quant-hft-stage2-snapshot/src/core/backtest/indicator_trace_parquet_writer.cpp:28:13: warning: ‘std::string quant_hft::{anonymous}::FormatDateTimeFromEpochNs(quant_hft::EpochNanos)’ defined but not used [-Wunused-function]
   28 | std::string FormatDateTimeFromEpochNs(EpochNanos ts_ns) {
      |             ^~~~~~~~~~~~~~~~~~~~~~~~~
[ 42%] Building CXX object CMakeFiles/quant_hft_core.dir/src/core/backtest/parquet_data_feed.cpp.o
[ 42%] Building CXX object CMakeFiles/quant_hft_core.dir/src/core/common/callback_dispatcher.cpp.o
[ 46%] Building CXX object CMakeFiles/quant_hft_core.dir/src/core/common/event_dispatcher.cpp.o
/tmp/quant-hft-stage2-snapshot/src/core/backtest/sub_strategy_indicator_trace_parquet_writer.cpp:48:13: warning: ‘std::string quant_hft::{anonymous}::MarketRegimeToLabel(quant_hft::MarketRegime)’ defined but not used [-Wunused-function]
   48 | std::string MarketRegimeToLabel(MarketRegime regime) {
      |             ^~~~~~~~~~~~~~~~~~~
/tmp/quant-hft-stage2-snapshot/src/core/backtest/sub_strategy_indicator_trace_parquet_writer.cpp:28:13: warning: ‘std::string quant_hft::{anonymous}::FormatDateTimeFromEpochNs(quant_hft::EpochNanos)’ defined but not used [-Wunused-function]
   28 | std::string FormatDateTimeFromEpochNs(EpochNanos ts_ns) {
      |             ^~~~~~~~~~~~~~~~~~~~~~~~~
[ 46%] Building CXX object CMakeFiles/quant_hft_core.dir/src/core/common/flow_controller.cpp.o
[ 46%] Building CXX object CMakeFiles/quant_hft_core.dir/src/core/common/circuit_breaker.cpp.o
[ 46%] Building CXX object CMakeFiles/quant_hft_core.dir/src/core/common/fixed_decimal.cpp.o
[ 50%] Building CXX object CMakeFiles/quant_hft_core.dir/src/core/ctp/ctp_config.cpp.o
[ 50%] Building CXX object CMakeFiles/quant_hft_core.dir/src/core/ctp/ctp_config_loader.cpp.o
[ 50%] Building CXX object CMakeFiles/quant_hft_core.dir/src/core/ctp/instrument_meta_cache.cpp.o
[ 50%] Building CXX object CMakeFiles/quant_hft_core.dir/src/core/ctp/ctp_trader_adapter.cpp.o
[ 53%] Building CXX object CMakeFiles/quant_hft_core.dir/src/core/ctp/ctp_md_adapter.cpp.o
[ 53%] Building CXX object CMakeFiles/quant_hft_core.dir/src/core/ctp/ctp_gateway_adapter.cpp.o
[ 53%] Building CXX object CMakeFiles/quant_hft_core.dir/src/core/ctp/query_scheduler.cpp.o
[ 53%] Building CXX object CMakeFiles/quant_hft_core.dir/src/core/regulatory/local_wal_regulatory_sink.cpp.o
[ 57%] Building CXX object CMakeFiles/quant_hft_core.dir/src/core/regulatory/wal_replay_loader.cpp.o
/tmp/quant-hft-stage2-snapshot/src/core/ctp/ctp_gateway_adapter.cpp: In member function ‘virtual bool quant_hft::CtpGatewayAdapter::RequestUserLogin(int, const string&, const string&, const string&)’:
/tmp/quant-hft-stage2-snapshot/src/core/ctp/ctp_gateway_adapter.cpp:3373:61: warning: unused parameter ‘user_id’ [-Wunused-parameter]
 3373 |                                          const std::string& user_id, const std::string& password) {
      |                                          ~~~~~~~~~~~~~~~~~~~^~~~~~~
[ 57%] Building CXX object CMakeFiles/quant_hft_core.dir/src/core/storage/redis_hash_client.cpp.o
[ 57%] Building CXX object CMakeFiles/quant_hft_core.dir/src/core/storage/redis_realtime_store.cpp.o
[ 57%] Building CXX object CMakeFiles/quant_hft_core.dir/src/core/storage/redis_realtime_store_client_adapter.cpp.o
[ 57%] Building CXX object CMakeFiles/quant_hft_core.dir/src/core/storage/libpq_timescale_sql_client.cpp.o
[ 60%] Building CXX object CMakeFiles/quant_hft_core.dir/src/core/storage/storage_client_pool.cpp.o
[ 60%] Building CXX object CMakeFiles/quant_hft_core.dir/src/core/storage/storage_client_factory.cpp.o
[ 60%] Building CXX object CMakeFiles/quant_hft_core.dir/src/core/storage/storage_connection_config.cpp.o
[ 60%] Building CXX object CMakeFiles/quant_hft_core.dir/src/core/storage/tcp_redis_hash_client.cpp.o
[ 64%] Building CXX object CMakeFiles/quant_hft_core.dir/src/core/storage/settlement_store_client_adapter.cpp.o
[ 64%] Building CXX object CMakeFiles/quant_hft_core.dir/src/core/storage/trading_domain_store_client_adapter.cpp.o
[ 64%] Building CXX object CMakeFiles/quant_hft_core.dir/src/core/storage/trading_ledger_store_client_adapter.cpp.o
[ 64%] Building CXX object CMakeFiles/quant_hft_core.dir/src/core/storage/timescale_buffered_event_store.cpp.o
[ 67%] Building CXX object CMakeFiles/quant_hft_core.dir/src/core/storage/timescale_event_store.cpp.o
[ 67%] Building CXX object CMakeFiles/quant_hft_core.dir/src/core/storage/timescale_event_store_client_adapter.cpp.o
[ 67%] Building CXX object CMakeFiles/quant_hft_core.dir/src/core/storage/timescale_sql_client.cpp.o
[ 67%] Building CXX object CMakeFiles/quant_hft_core.dir/src/core/market/kafka_market_bus_producer.cpp.o
[ 71%] Building CXX object CMakeFiles/quant_hft_core.dir/src/core/perf/object_pool.cpp.o
[ 71%] Building CXX object CMakeFiles/quant_hft_core.dir/src/core/perf/event_object_pool.cpp.o
[ 71%] Building CXX object CMakeFiles/quant_hft_core.dir/src/core/monitoring/metric_registry.cpp.o
[ 71%] Building CXX object CMakeFiles/quant_hft_core.dir/src/core/monitoring/exporter.cpp.o
[ 71%] Building CXX object CMakeFiles/quant_hft_core.dir/src/services/risk/basic_risk_engine.cpp.o
[ 75%] Building CXX object CMakeFiles/quant_hft_core.dir/src/services/risk/risk_policy_engine.cpp.o
[ 75%] Building CXX object CMakeFiles/quant_hft_core.dir/src/services/risk/self_trade_risk_engine.cpp.o
[ 75%] Building CXX object CMakeFiles/quant_hft_core.dir/src/risk/risk_rule_executor.cpp.o
[ 75%] Building CXX object CMakeFiles/quant_hft_core.dir/src/risk/risk_rule_registry.cpp.o
[ 78%] Building CXX object CMakeFiles/quant_hft_core.dir/src/risk/risk_manager.cpp.o
[ 78%] Building CXX object CMakeFiles/quant_hft_core.dir/src/services/order/execution_planner.cpp.o
[ 78%] Building CXX object CMakeFiles/quant_hft_core.dir/src/services/order/execution_engine.cpp.o
[ 78%] Building CXX object CMakeFiles/quant_hft_core.dir/src/services/order/order_manager.cpp.o
[ 82%] Building CXX object CMakeFiles/quant_hft_core.dir/src/services/order/execution_router.cpp.o
[ 82%] Building CXX object CMakeFiles/quant_hft_core.dir/src/services/order/in_memory_order_gateway.cpp.o
[ 82%] Building CXX object CMakeFiles/quant_hft_core.dir/src/services/order/order_state_machine.cpp.o
/tmp/quant-hft-stage2-snapshot/src/risk/risk_rule_registry.cpp:11:6: warning: ‘bool quant_hft::{anonymous}::IsOpenOrder(const quant_hft::OrderIntent&)’ defined but not used [-Wunused-function]
   11 | bool IsOpenOrder(const OrderIntent& intent) { return intent.offset == OffsetFlag::kOpen; }
      |      ^~~~~~~~~~~
[ 82%] Building CXX object CMakeFiles/quant_hft_core.dir/src/services/order/pending_exit_store.cpp.o
/tmp/quant-hft-stage2-snapshot/src/services/order/execution_engine.cpp: In member function ‘quant_hft::TradeApplyResult quant_hft::ExecutionEngine::ProcessOrderEvent(const quant_hft::OrderEvent&, const quant_hft::WalReceipt&, bool)’:
/tmp/quant-hft-stage2-snapshot/src/services/order/execution_engine.cpp:365:72: warning: missing initializer for member ‘quant_hft::TradeApplyRequest::accounting_policy’ [-Wmissing-field-initializers]
  365 |                                   event.event_source == "OnRspQryTrade"};
      |                                                                        ^
[ 85%] Building CXX object CMakeFiles/quant_hft_core.dir/src/services/order/timeout_cancel_tracker.cpp.o
[ 85%] Building CXX object CMakeFiles/quant_hft_core.dir/src/services/order/trading_permission_controller.cpp.o
[ 85%] Building CXX object CMakeFiles/quant_hft_core.dir/src/services/settlement/settlement_price_provider.cpp.o
[ 85%] Building CXX object CMakeFiles/quant_hft_core.dir/src/services/settlement/settlement_query_client.cpp.o
[ 85%] Building CXX object CMakeFiles/quant_hft_core.dir/src/services/settlement/daily_settlement_service.cpp.o
[ 89%] Building CXX object CMakeFiles/quant_hft_core.dir/src/services/portfolio/ctp_account_ledger.cpp.o
[ 89%] Building CXX object CMakeFiles/quant_hft_core.dir/src/services/portfolio/ctp_close_offset_resolver.cpp.o
[ 89%] Building CXX object CMakeFiles/quant_hft_core.dir/src/services/portfolio/ctp_position_ledger.cpp.o
[ 89%] Building CXX object CMakeFiles/quant_hft_core.dir/src/services/portfolio/position_manager.cpp.o
[ 92%] Building CXX object CMakeFiles/quant_hft_core.dir/src/services/portfolio/in_memory_portfolio_ledger.cpp.o
[ 92%] Building CXX object CMakeFiles/quant_hft_core.dir/src/services/market_state/bar_aggregator.cpp.o
[ 92%] Building CXX object CMakeFiles/quant_hft_core.dir/src/services/market_state/market_bar_pipeline.cpp.o
[ 92%] Building CXX object CMakeFiles/quant_hft_core.dir/src/services/market_state/dominant_contract_coordinator.cpp.o
[ 96%] Building CXX object CMakeFiles/quant_hft_core.dir/src/services/market_state/trading_session_calendar.cpp.o
[ 96%] Building CXX object CMakeFiles/quant_hft_core.dir/src/services/market_state/market_data_csv_recorder.cpp.o
[ 96%] Building CXX object CMakeFiles/quant_hft_core.dir/src/services/market_state/market_state_detector.cpp.o
[ 96%] Building CXX object CMakeFiles/quant_hft_core.dir/src/services/market_state/rule_market_state_engine.cpp.o
[100%] Building CXX object CMakeFiles/quant_hft_core.dir/src/services/market_state/timeframe_state_fanout.cpp.o
[100%] Linking CXX static library libquant_hft_core.a
[100%] Built target quant_hft_core
[100%] Building CXX object CMakeFiles/core_engine.dir/src/apps/core_engine_main.cpp.o
[100%] Linking CXX executable core_engine
[100%] Built target core_engine
Consolidate compiler generated dependencies of target quant_hft_core
[100%] Built target quant_hft_core
[100%] Building CXX object CMakeFiles/runtime_paths_cli.dir/src/apps/runtime_paths_cli_main.cpp.o
[100%] Linking CXX executable runtime_paths_cli
[100%] Built target runtime_paths_cli
[  0%] Building CXX object _deps/googletest-build/googletest/CMakeFiles/gtest.dir/src/gtest-all.cc.o
[ 96%] Built target quant_hft_core
[ 96%] Linking CXX static library ../../../lib/libgtest.a
[ 96%] Built target gtest
[100%] Building CXX object _deps/googletest-build/googletest/CMakeFiles/gtest_main.dir/src/gtest_main.cc.o
[100%] Linking CXX static library ../../../lib/libgtest_main.a
[100%] Built target gtest_main
[100%] Building CXX object CMakeFiles/ctp_gateway_adapter_test.dir/tests/unit/core/ctp_gateway_adapter_test.cpp.o
[100%] Linking CXX executable ctp_gateway_adapter_test
[100%] Built target ctp_gateway_adapter_test
Consolidate compiler generated dependencies of target gtest
[  0%] Built target gtest
Consolidate compiler generated dependencies of target gtest_main
[  3%] Built target gtest_main
[100%] Built target quant_hft_core
[100%] Building CXX object CMakeFiles/ctp_trader_adapter_test.dir/tests/unit/core/ctp_trader_adapter_test.cpp.o
[100%] Linking CXX executable ctp_trader_adapter_test
[100%] Built target ctp_trader_adapter_test
[  0%] Built target gtest
[  3%] Built target gtest_main
[ 96%] Built target quant_hft_core
[ 96%] Building CXX object CMakeFiles/ctp_md_adapter_test.dir/tests/unit/core/ctp_md_adapter_test.cpp.o
[100%] Linking CXX executable ctp_md_adapter_test
[100%] Built target ctp_md_adapter_test
[  0%] Built target gtest
[  3%] Built target gtest_main
[ 96%] Built target quant_hft_core
[ 96%] Building CXX object CMakeFiles/query_scheduler_test.dir/tests/unit/core/query_scheduler_test.cpp.o
[100%] Linking CXX executable query_scheduler_test
[100%] Built target query_scheduler_test
[  0%] Built target gtest
[  3%] Built target gtest_main
[100%] Built target quant_hft_core
[100%] Building CXX object CMakeFiles/query_batch_collector_test.dir/tests/unit/core/query_batch_collector_test.cpp.o
[100%] Linking CXX executable query_batch_collector_test
[100%] Built target query_batch_collector_test
[  0%] Built target gtest
[  3%] Built target gtest_main
[ 96%] Built target quant_hft_core
[100%] Building CXX object CMakeFiles/durable_order_event_inbox_test.dir/tests/unit/core/durable_order_event_inbox_test.cpp.o
[100%] Linking CXX executable durable_order_event_inbox_test
[100%] Built target durable_order_event_inbox_test
[  0%] Built target gtest
[  3%] Built target gtest_main
[100%] Built target quant_hft_core
[100%] Building CXX object CMakeFiles/account_execution_scheduler_test.dir/tests/unit/core/account_execution_scheduler_test.cpp.o
[100%] Linking CXX executable account_execution_scheduler_test
[100%] Built target account_execution_scheduler_test
[  0%] Built target gtest
[  3%] Built target gtest_main
[ 96%] Built target quant_hft_core
[ 96%] Building CXX object CMakeFiles/wal_replay_loader_test.dir/tests/unit/core/wal_replay_loader_test.cpp.o
[100%] Linking CXX executable wal_replay_loader_test
[100%] Built target wal_replay_loader_test
[  0%] Built target gtest
[  3%] Built target gtest_main
[ 96%] Built target quant_hft_core
[ 96%] Building CXX object CMakeFiles/runtime_identity_test.dir/tests/unit/core/runtime_identity_test.cpp.o
[100%] Linking CXX executable runtime_identity_test
[100%] Built target runtime_identity_test
[  0%] Built target gtest
[  3%] Built target gtest_main
[ 96%] Built target quant_hft_core
[ 96%] Building CXX object CMakeFiles/runtime_paths_test.dir/tests/unit/core/runtime_paths_test.cpp.o
[100%] Linking CXX executable runtime_paths_test
[100%] Built target runtime_paths_test
[  0%] Built target gtest
[  3%] Built target gtest_main
[ 96%] Built target quant_hft_core
[ 96%] Building CXX object CMakeFiles/position_reconciliation_test.dir/tests/unit/services/position_reconciliation_test.cpp.o
[100%] Linking CXX executable position_reconciliation_test
[100%] Built target position_reconciliation_test
[  0%] Built target gtest
[  3%] Built target gtest_main
[100%] Built target quant_hft_core
[100%] Building CXX object CMakeFiles/execution_engine_test.dir/tests/unit/services/execution_engine_test.cpp.o
[100%] Linking CXX executable execution_engine_test
[100%] Built target execution_engine_test
[  0%] Built target gtest
[  3%] Built target gtest_main
[ 96%] Built target quant_hft_core
[ 96%] Building CXX object CMakeFiles/strategy_engine_test.dir/tests/unit/strategy/strategy_engine_test.cpp.o
[100%] Linking CXX executable strategy_engine_test
[100%] Built target strategy_engine_test
[  0%] Built target gtest
[  3%] Built target gtest_main
[ 96%] Built target quant_hft_core
[100%] Building CXX object CMakeFiles/composite_strategy_test.dir/tests/unit/strategy/composite_strategy_test.cpp.o
[100%] Linking CXX executable composite_strategy_test
[100%] Built target composite_strategy_test
[  0%] Built target gtest
[  3%] Built target gtest_main
[100%] Built target quant_hft_core
[100%] Building CXX object CMakeFiles/state_persistence_test.dir/tests/unit/strategy/state_persistence_test.cpp.o
[100%] Linking CXX executable state_persistence_test
[100%] Built target state_persistence_test
[  0%] Built target gtest
[  3%] Built target gtest_main
[ 96%] Built target quant_hft_core
[100%] Building CXX object CMakeFiles/order_manager_test.dir/tests/unit/services/order_manager_test.cpp.o
[100%] Linking CXX executable order_manager_test
[100%] Built target order_manager_test
[  0%] Built target gtest
[  3%] Built target gtest_main
[100%] Built target quant_hft_core
[100%] Building CXX object CMakeFiles/risk_manager_test.dir/tests/unit/risk/risk_manager_test.cpp.o
[100%] Linking CXX executable risk_manager_test
[100%] Built target risk_manager_test
