Internal ctest changing into directory: /tmp/quant-hft-trading-build
Test project /tmp/quant-hft-trading-build
      Start   3: VerifiedTradeAccountingPolicyTest.MissingFileAndMalformedJsonNeverBecomeReady
 1/61 Test   #3: VerifiedTradeAccountingPolicyTest.MissingFileAndMalformedJsonNeverBecomeReady .........................................   Passed    0.01 sec
      Start   4: VerifiedTradeAccountingPolicyTest.UnknownAndDuplicateJsonKeysAreRejectedAtEveryLevel
 2/61 Test   #4: VerifiedTradeAccountingPolicyTest.UnknownAndDuplicateJsonKeysAreRejectedAtEveryLevel ..................................   Passed    0.00 sec
      Start   5: VerifiedTradeAccountingPolicyTest.UnverifiedInvalidDatesAndUnsupportedConventionsFailClosed
 3/61 Test   #5: VerifiedTradeAccountingPolicyTest.UnverifiedInvalidDatesAndUnsupportedConventionsFailClosed ...........................   Passed    0.00 sec
      Start   6: VerifiedTradeAccountingPolicyTest.DuplicateInstrumentDayScopeIsRejected
 4/61 Test   #6: VerifiedTradeAccountingPolicyTest.DuplicateInstrumentDayScopeIsRejected ...............................................   Passed    0.00 sec
      Start   7: VerifiedTradeAccountingPolicyTest.RuntimeEnvelopeMustMatchEnvironmentBrokerAndAccount
 5/61 Test   #7: VerifiedTradeAccountingPolicyTest.RuntimeEnvelopeMustMatchEnvironmentBrokerAndAccount .................................   Passed    0.00 sec
      Start   8: VerifiedTradeAccountingPolicyTest.ExactSameDayEvidenceReturnsExplicitFeeAndClosePolicy
 6/61 Test   #8: VerifiedTradeAccountingPolicyTest.ExactSameDayEvidenceReturnsExplicitFeeAndClosePolicy ................................   Passed    0.00 sec
      Start   9: VerifiedTradeAccountingPolicyTest.ResolveRejectsEveryMismatchedTradeScopeAndExpiredDay
 7/61 Test   #9: VerifiedTradeAccountingPolicyTest.ResolveRejectsEveryMismatchedTradeScopeAndExpiredDay ................................   Passed    0.00 sec
      Start  10: VerifiedTradeAccountingPolicyTest.EachOfTheThreeCompletedQueriesIsRequired
 8/61 Test  #10: VerifiedTradeAccountingPolicyTest.EachOfTheThreeCompletedQueriesIsRequired ............................................   Passed    0.00 sec
      Start  11: VerifiedTradeAccountingPolicyTest.FailedIncompleteForeignOrUncorrelatedQueryIsNotEvidence
 9/61 Test  #11: VerifiedTradeAccountingPolicyTest.FailedIncompleteForeignOrUncorrelatedQueryIsNotEvidence .............................   Passed    0.00 sec
      Start  12: VerifiedTradeAccountingPolicyTest.WrongRowIdentityOrSourceCannotAuthorizeValuation
10/61 Test  #12: VerifiedTradeAccountingPolicyTest.WrongRowIdentityOrSourceCannotAuthorizeValuation ....................................   Passed    0.00 sec
      Start  13: VerifiedTradeAccountingPolicyTest.EveryQueriedFeeLegAndMultiplierMustMatchTheVerifiedRecord
11/61 Test  #13: VerifiedTradeAccountingPolicyTest.EveryQueriedFeeLegAndMultiplierMustMatchTheVerifiedRecord ...........................   Passed    0.00 sec
      Start  14: VerifiedTradeAccountingPolicyTest.NonzeroOrderOrCancellationFeeIsUnsupported
12/61 Test  #14: VerifiedTradeAccountingPolicyTest.NonzeroOrderOrCancellationFeeIsUnsupported ..........................................   Passed    0.00 sec
      Start  15: VerifiedTradeAccountingPolicyTest.MissingAndConflictingDuplicateQueryRowsAreRejected
13/61 Test  #15: VerifiedTradeAccountingPolicyTest.MissingAndConflictingDuplicateQueryRowsAreRejected ..................................   Passed    0.00 sec
      Start  16: VerifiedTradeAccountingPolicyTest.ExplicitProductCommissionMappingRequiresAFilteredQuery
14/61 Test  #16: VerifiedTradeAccountingPolicyTest.ExplicitProductCommissionMappingRequiresAFilteredQuery ..............................   Passed    0.00 sec
      Start  17: VerifiedTradeAccountingPolicyTest.FailedLatestQueryRevokesPreviousReadiness
15/61 Test  #17: VerifiedTradeAccountingPolicyTest.FailedLatestQueryRevokesPreviousReadiness ...........................................   Passed    0.00 sec
      Start  18: VerifiedTradeAccountingPolicyTest.YesterdayFirstMustBeAnExplicitVerifiedChoice
16/61 Test  #18: VerifiedTradeAccountingPolicyTest.YesterdayFirstMustBeAnExplicitVerifiedChoice ........................................   Passed    0.00 sec
      Start  19: VerifiedTradeAccountingPolicyTest.ShfeAndIneRequireExchangeExplicitCloseConvention
17/61 Test  #19: VerifiedTradeAccountingPolicyTest.ShfeAndIneRequireExchangeExplicitCloseConvention ....................................   Passed    0.00 sec
      Start  20: VerifiedTradeAccountingPolicyTest.SimulatedEvidenceOnlyMatchesTheSimulationEnvironment
18/61 Test  #20: VerifiedTradeAccountingPolicyTest.SimulatedEvidenceOnlyMatchesTheSimulationEnvironment ................................   Passed    0.00 sec
      Start  21: VerifiedTradeAccountingPolicyTest.RestoredEvidenceOnlyAuthorizesIdenticalHistoricalPolicy
19/61 Test  #21: VerifiedTradeAccountingPolicyTest.RestoredEvidenceOnlyAuthorizesIdenticalHistoricalPolicy .............................   Passed    0.00 sec
      Start  86: TradingDomainStoreClientAdapterTest.EveryApplyWriteFailureRollsBackAndCanBeReplayed
20/61 Test  #86: TradingDomainStoreClientAdapterTest.EveryApplyWriteFailureRollsBackAndCanBeReplayed ...................................   Passed    0.01 sec
      Start  87: TradingDomainStoreClientAdapterTest.ConcurrentSameAccountFillsDoNotLoseUpdates
21/61 Test  #87: TradingDomainStoreClientAdapterTest.ConcurrentSameAccountFillsDoNotLoseUpdates ........................................   Passed    0.01 sec
      Start  88: TradingDomainStoreClientAdapterTest.OutboxConsumersAcknowledgeIndependently
22/61 Test  #88: TradingDomainStoreClientAdapterTest.OutboxConsumersAcknowledgeIndependently ...........................................   Passed    0.00 sec
      Start  89: TradingDomainStoreClientAdapterTest.RuntimeEnvironmentBindingCannotBeReusedAcrossBrokersOrEnvironments
23/61 Test  #89: TradingDomainStoreClientAdapterTest.RuntimeEnvironmentBindingCannotBeReusedAcrossBrokersOrEnvironments ................   Passed    0.00 sec
      Start  90: TradingDomainStoreClientAdapterTest.AtomicApplyDeduplicatesAndQuarantinesPayloadConflict
24/61 Test  #90: TradingDomainStoreClientAdapterTest.AtomicApplyDeduplicatesAndQuarantinesPayloadConflict ..............................   Passed    0.00 sec
      Start  91: TradingDomainStoreClientAdapterTest.ReceiptGapsAdvanceOnlyWhenEveryRecordIsApplied
25/61 Test  #91: TradingDomainStoreClientAdapterTest.ReceiptGapsAdvanceOnlyWhenEveryRecordIsApplied ....................................   Passed    0.00 sec
      Start  92: TradingDomainStoreClientAdapterTest.ReceiptCannotBeReboundToAnotherTradeOrChecksum
26/61 Test  #92: TradingDomainStoreClientAdapterTest.ReceiptCannotBeReboundToAnotherTradeOrChecksum ....................................   Passed    0.00 sec
      Start  93: TradingDomainStoreClientAdapterTest.DirectionAndTradingDayArePartOfIdentity
27/61 Test  #93: TradingDomainStoreClientAdapterTest.DirectionAndTradingDayArePartOfIdentity ...........................................   Passed    0.00 sec
      Start  94: TradingDomainStoreClientAdapterTest.ExactCloseAllocationKeepsSidesAndHedgeBucketsSeparate
28/61 Test  #94: TradingDomainStoreClientAdapterTest.ExactCloseAllocationKeepsSidesAndHedgeBucketsSeparate .............................   Passed    0.00 sec
      Start  95: TradingDomainStoreClientAdapterTest.CloseCannotConsumeAnotherHedgeBook
29/61 Test  #95: TradingDomainStoreClientAdapterTest.CloseCannotConsumeAnotherHedgeBook ................................................   Passed    0.00 sec
      Start  96: TradingDomainStoreClientAdapterTest.RuntimeAccountRejectsRawBackfillAndUnattributedTrade
30/61 Test  #96: TradingDomainStoreClientAdapterTest.RuntimeAccountRejectsRawBackfillAndUnattributedTrade ..............................   Passed    0.00 sec
      Start  97: TradingDomainStoreClientAdapterTest.BrokerBaselineCoversHistoryWithoutAddingAgain
31/61 Test  #97: TradingDomainStoreClientAdapterTest.BrokerBaselineCoversHistoryWithoutAddingAgain .....................................   Passed    0.00 sec
      Start  98: TradingDomainStoreClientAdapterTest.LiveGenericCloseRequiresRuleAndUsesItsExactAllocation
32/61 Test  #98: TradingDomainStoreClientAdapterTest.LiveGenericCloseRequiresRuleAndUsesItsExactAllocation .............................   Passed    0.00 sec
      Start  99: TradingDomainStoreClientAdapterTest.VerifiedOpeningPriceValuationPersistsComputedProfitWithoutBlockingUnvaluedFacts
33/61 Test  #99: TradingDomainStoreClientAdapterTest.VerifiedOpeningPriceValuationPersistsComputedProfitWithoutBlockingUnvaluedFacts ...   Passed    0.00 sec
      Start 100: TradingDomainStoreClientAdapterTest.VerifiedMixedCloseFeesUseCommittedAllocationAndReplayRawPayload
34/61 Test #100: TradingDomainStoreClientAdapterTest.VerifiedMixedCloseFeesUseCommittedAllocationAndReplayRawPayload ...................   Passed    0.00 sec
      Start 101: TradingDomainStoreClientAdapterTest.RequiredValuationLeavesUnknownNewFillAndWatermarkPending
35/61 Test #101: TradingDomainStoreClientAdapterTest.RequiredValuationLeavesUnknownNewFillAndWatermarkPending ..........................   Passed    0.00 sec
      Start 102: TradingDomainStoreClientAdapterTest.InMemoryTransactionRollsBackOnFalseAndException
36/61 Test #102: TradingDomainStoreClientAdapterTest.InMemoryTransactionRollsBackOnFalseAndException ...................................   Passed    0.00 sec
      Start 103: TradingDomainStoreClientAdapterTest.TradingDayAdvanceIsAtomicIdempotentAndEmitsPositionOutbox
37/61 Test #103: TradingDomainStoreClientAdapterTest.TradingDayAdvanceIsAtomicIdempotentAndEmitsPositionOutbox .........................   Passed    0.00 sec
      Start 104: TradingDomainStoreClientAdapterTest.WritesDomainRowsToConfiguredSchema
38/61 Test #104: TradingDomainStoreClientAdapterTest.WritesDomainRowsToConfiguredSchema ................................................   Passed    0.00 sec
      Start 105: TradingDomainStoreClientAdapterTest.OrderLifecycleUpdatesOneAccountScopedRow
39/61 Test #105: TradingDomainStoreClientAdapterTest.OrderLifecycleUpdatesOneAccountScopedRow ..........................................   Passed    0.00 sec
      Start 106: TradingDomainStoreClientAdapterTest.RejectsMissingRequiredFields
40/61 Test #106: TradingDomainStoreClientAdapterTest.RejectsMissingRequiredFields ......................................................   Passed    0.00 sec
      Start 107: TradingDomainStoreClientAdapterTest.PersistsTimestampWithUtcOffsetSuffix
41/61 Test #107: TradingDomainStoreClientAdapterTest.PersistsTimestampWithUtcOffsetSuffix ..............................................   Passed    0.00 sec
      Start 108: TradingDomainStoreClientAdapterTest.SkipsDuplicateOrderAndTradeByBusinessKeys
42/61 Test #108: TradingDomainStoreClientAdapterTest.SkipsDuplicateOrderAndTradeByBusinessKeys .........................................   Passed    0.00 sec
      Start 173: ExecutionEngineTest.PlaceOrderAsyncReturnsOrderRef
43/61 Test #173: ExecutionEngineTest.PlaceOrderAsyncReturnsOrderRef ....................................................................   Passed    0.00 sec
      Start 174: ExecutionEngineTest.UnknownSubmissionKeepsReservationWhileDefiniteFailureReleasesIt
44/61 Test #174: ExecutionEngineTest.UnknownSubmissionKeepsReservationWhileDefiniteFailureReleasesIt ...................................   Passed    0.00 sec
      Start 175: ExecutionEngineTest.ConcurrentCrossingOrdersAreSerializedThroughRiskAndRegistration
45/61 Test #175: ExecutionEngineTest.ConcurrentCrossingOrdersAreSerializedThroughRiskAndRegistration ...................................   Passed    0.00 sec
      Start 176: ExecutionEngineTest.ActiveOrderLimitIncludesUnknownAndSerializesConcurrentAdmission
46/61 Test #176: ExecutionEngineTest.ActiveOrderLimitIncludesUnknownAndSerializesConcurrentAdmission ...................................   Passed    0.00 sec
      Start 177: ExecutionEngineTest.TerminalOrderReportDoesNotDiscardUnbookedTrade
47/61 Test #177: ExecutionEngineTest.TerminalOrderReportDoesNotDiscardUnbookedTrade ....................................................   Passed    0.00 sec
      Start 178: ExecutionEngineTest.OrderPersistenceFailureHoldsReceiptButDoesNotDiscardRealFill
48/61 Test #178: ExecutionEngineTest.OrderPersistenceFailureHoldsReceiptButDoesNotDiscardRealFill ......................................   Passed    0.00 sec
      Start 179: ExecutionEngineTest.PlaceOrderRiskRejectReturnsFailedResult
49/61 Test #179: ExecutionEngineTest.PlaceOrderRiskRejectReturnsFailedResult ...........................................................   Passed    0.00 sec
      Start 180: ExecutionEngineTest.PlaceOrderRiskContextUsesResolvedContractMultiplier
50/61 Test #180: ExecutionEngineTest.PlaceOrderRiskContextUsesResolvedContractMultiplier ...............................................   Passed    0.00 sec
      Start 181: ExecutionEngineTest.CircuitBreakerOpenBlocksNewOrder
51/61 Test #181: ExecutionEngineTest.CircuitBreakerOpenBlocksNewOrder ..................................................................   Passed    0.00 sec
      Start 182: ExecutionEngineTest.OrderStateTransitionValidSequence
52/61 Test #182: ExecutionEngineTest.OrderStateTransitionValidSequence .................................................................   Passed    0.00 sec
      Start 183: ExecutionEngineTest.OrderStateTransitionInvalidSequenceRejected
53/61 Test #183: ExecutionEngineTest.OrderStateTransitionInvalidSequenceRejected .......................................................   Passed    0.00 sec
      Start 184: ExecutionEngineTest.CancelActionRejectDoesNotBlockLateTradeFill
54/61 Test #184: ExecutionEngineTest.CancelActionRejectDoesNotBlockLateTradeFill .......................................................   Passed    0.00 sec
      Start 185: ExecutionEngineTest.DuplicateOrderEventIgnored
55/61 Test #185: ExecutionEngineTest.DuplicateOrderEventIgnored ........................................................................   Passed    0.00 sec
      Start 186: ExecutionEngineTest.CancelOrderAsyncSuccessReturnsTrue
56/61 Test #186: ExecutionEngineTest.CancelOrderAsyncSuccessReturnsTrue ................................................................   Passed    0.06 sec
      Start 187: ExecutionEngineTest.CancelOrderAsyncRetryOnFailureEventuallyReturnsFalse
57/61 Test #187: ExecutionEngineTest.CancelOrderAsyncRetryOnFailureEventuallyReturnsFalse ..............................................   Passed    0.00 sec
      Start 188: ExecutionEngineTest.PositionUpdateAfterTradeRedisAndPgConsistent
58/61 Test #188: ExecutionEngineTest.PositionUpdateAfterTradeRedisAndPgConsistent ......................................................   Passed    0.00 sec
      Start 189: ExecutionEngineTest.DurableAccountingEvidenceGatesNewFillButNotCommittedDuplicate
59/61 Test #189: ExecutionEngineTest.DurableAccountingEvidenceGatesNewFillButNotCommittedDuplicate .....................................   Passed    0.00 sec
      Start 190: ExecutionEngineTest.QueryTradingAccountAsyncReturnsSnapshot
60/61 Test #190: ExecutionEngineTest.QueryTradingAccountAsyncReturnsSnapshot ...........................................................   Passed    0.00 sec
      Start 191: ExecutionEngineTest.EmptyPositionQueryCompletesAfterDispatcherCallback
61/61 Test #191: ExecutionEngineTest.EmptyPositionQueryCompletesAfterDispatcherCallback ................................................   Passed    0.01 sec

100% tests passed, 0 tests failed out of 61

Total Test time (real) =   0.30 sec
