Running main() from /tmp/quant-hft-build/_deps/googletest-src/googletest/src/gtest_main.cc
Note: Google Test filter = *AccountIdentityUsesInvestor*:*RealConnectionRejectsAnUnconfirmed*
[==========] Running 2 tests from 1 test suite.
[----------] Global test environment set-up.
[----------] 2 tests from CtpGatewayAdapterTest
[ RUN      ] CtpGatewayAdapterTest.AccountIdentityUsesInvestorAcrossSimulatedSnapshotsAndMappings
/home/kevin/quant_platform_HF/tests/unit/core/ctp_gateway_adapter_test.cpp:570: Failure
Expected equality of these values:
  adapter.GetLastTradingAccountSnapshot().account_id
    Which is: "operator"
  "investor"

/home/kevin/quant_platform_HF/tests/unit/core/ctp_gateway_adapter_test.cpp:571: Failure
Expected equality of these values:
  adapter.GetLastBrokerTradingParamsSnapshot().account_id
    Which is: "operator"
  "investor"

/home/kevin/quant_platform_HF/tests/unit/core/ctp_gateway_adapter_test.cpp:573: Failure
Expected equality of these values:
  adapter.GetLastInstrumentMarginRateSnapshots()[0].account_id
    Which is: "operator"
  "investor"

/home/kevin/quant_platform_HF/tests/unit/core/ctp_gateway_adapter_test.cpp:574: Failure
Expected equality of these values:
  adapter.GetLastInstrumentCommissionRateSnapshots()[0].account_id
    Which is: "operator"
  "investor"

/home/kevin/quant_platform_HF/tests/unit/core/ctp_gateway_adapter_test.cpp:575: Failure
Expected equality of these values:
  adapter.GetLastInstrumentOrderCommRateSnapshots()[0].account_id
    Which is: "operator"
  "investor"

/home/kevin/quant_platform_HF/tests/unit/core/ctp_gateway_adapter_test.cpp:586: Failure
Expected equality of these values:
  mapping.account_id
    Which is: "operator"
  "investor"

/home/kevin/quant_platform_HF/tests/unit/core/ctp_gateway_adapter_test.cpp:587: Failure
Expected equality of these values:
  accepted.account_id
    Which is: ""
  "investor"

/home/kevin/quant_platform_HF/tests/unit/core/ctp_gateway_adapter_test.cpp:589: Failure
Expected equality of these values:
  accepted.account_id
    Which is: "operator"
  "investor"

[  FAILED  ] CtpGatewayAdapterTest.AccountIdentityUsesInvestorAcrossSimulatedSnapshotsAndMappings (0 ms)
[ RUN      ] CtpGatewayAdapterTest.RealConnectionRejectsAnUnconfirmedInvestorBeforeSdkAccess
/home/kevin/quant_platform_HF/tests/unit/core/ctp_gateway_adapter_test.cpp:602: Failure
Expected: (adapter.GetLastConnectDiagnostic().find("investor_id")) != (std::string::npos), actual: 18446744073709551615 vs 18446744073709551615

[  FAILED  ] CtpGatewayAdapterTest.RealConnectionRejectsAnUnconfirmedInvestorBeforeSdkAccess (0 ms)
[----------] 2 tests from CtpGatewayAdapterTest (0 ms total)

[----------] Global test environment tear-down
[==========] 2 tests from 1 test suite ran. (0 ms total)
[  PASSED  ] 0 tests.
[  FAILED  ] 2 tests, listed below:
[  FAILED  ] CtpGatewayAdapterTest.AccountIdentityUsesInvestorAcrossSimulatedSnapshotsAndMappings
[  FAILED  ] CtpGatewayAdapterTest.RealConnectionRejectsAnUnconfirmedInvestorBeforeSdkAccess

 2 FAILED TESTS
