Internal ctest changing into directory: /tmp/quant-hft-runtime-sanitize-build
Test project /tmp/quant-hft-runtime-sanitize-build
      Start  1: DurableOrderEventInboxTest.FullQueuePersistsSuffixAndReplaysBarrierAtItsFifoPosition
 1/31 Test  #1: DurableOrderEventInboxTest.FullQueuePersistsSuffixAndReplaysBarrierAtItsFifoPosition ...   Passed    0.03 sec
      Start  2: DurableOrderEventInboxTest.ConsumerFailureBlocksLaterEventsUntilSuccessfulReplay
 2/31 Test  #2: DurableOrderEventInboxTest.ConsumerFailureBlocksLaterEventsUntilSuccessfulReplay .......   Passed    0.04 sec
      Start  3: DurableOrderEventInboxTest.DamagedRecoverySnapshotInvokesNoConsumer
 3/31 Test  #3: DurableOrderEventInboxTest.DamagedRecoverySnapshotInvokesNoConsumer ....................   Passed    0.02 sec
      Start  6: QuerySchedulerTest.RespectsRateLimit
 4/31 Test  #6: QuerySchedulerTest.RespectsRateLimit ...................................................   Passed    1.12 sec
      Start  7: QuerySchedulerTest.PriorityOrdering
 5/31 Test  #7: QuerySchedulerTest.PriorityOrdering ....................................................   Passed    0.01 sec
      Start  8: QuerySchedulerTest.DeferredTaskOwnsStateUntilDrainedAfterCompletion
 6/31 Test  #8: QuerySchedulerTest.DeferredTaskOwnsStateUntilDrainedAfterCompletion ....................   Passed    0.01 sec
      Start  9: QuerySchedulerTest.CompletionMustMatchTheActiveRequestAndGeneration
 7/31 Test  #9: QuerySchedulerTest.CompletionMustMatchTheActiveRequestAndGeneration ....................   Passed    0.01 sec
      Start 10: QuerySchedulerTest.IntermediateResponseErrorPersistsUntilCompletion
 8/31 Test #10: QuerySchedulerTest.IntermediateResponseErrorPersistsUntilCompletion ....................   Passed    0.01 sec
      Start 11: QuerySchedulerTest.TimeoutDoesNotLetLateCompletionReleaseNextRequest
 9/31 Test #11: QuerySchedulerTest.TimeoutDoesNotLetLateCompletionReleaseNextRequest ...................   Passed    0.01 sec
      Start 12: QuerySchedulerTest.ResetWaitsForExecutingRequestBeforeApiCanBeReleased
10/31 Test #12: QuerySchedulerTest.ResetWaitsForExecutingRequestBeforeApiCanBeReleased .................   Passed    0.04 sec
      Start 13: QuerySchedulerTest.ThrowingRequestAndFailureHandlerDoNotEscapePoller
11/31 Test #13: QuerySchedulerTest.ThrowingRequestAndFailureHandlerDoNotEscapePoller ...................   Passed    0.01 sec
      Start 14: QueryBatchCollectorTest.NextRequestCannotClearCompletedRows
12/31 Test #14: QueryBatchCollectorTest.NextRequestCannotClearCompletedRows ............................   Passed    0.01 sec
      Start 15: QueryBatchCollectorTest.ErrorOnAnIntermediatePacketCannotBecomeSuccessfulEmptyTruth
13/31 Test #15: QueryBatchCollectorTest.ErrorOnAnIntermediatePacketCannotBecomeSuccessfulEmptyTruth ....   Passed    0.01 sec
      Start 16: QueryBatchCollectorTest.OldGenerationCannotCompleteReusedRequestNumber
14/31 Test #16: QueryBatchCollectorTest.OldGenerationCannotCompleteReusedRequestNumber .................   Passed    0.01 sec
      Start 17: QueryBatchCollectorTest.SuccessfulEmptyFullBatchIsExplicit
15/31 Test #17: QueryBatchCollectorTest.SuccessfulEmptyFullBatchIsExplicit .............................   Passed    0.01 sec
      Start 18: QueryBatchCollectorTest.CapacityFailureRemainsFailureUntilLastPacket
16/31 Test #18: QueryBatchCollectorTest.CapacityFailureRemainsFailureUntilLastPacket ...................   Passed    0.01 sec
      Start 20: AccountExecutionSchedulerTest.SerializesSameAccountWhileOtherAccountCanProgress
17/31 Test #20: AccountExecutionSchedulerTest.SerializesSameAccountWhileOtherAccountCanProgress ........   Passed    0.02 sec
      Start 21: AccountExecutionSchedulerTest.HonorsDeadlineAndExplicitCapacityAndCancellation
18/31 Test #21: AccountExecutionSchedulerTest.HonorsDeadlineAndExplicitCapacityAndCancellation .........   Passed    0.02 sec
      Start 22: AccountExecutionSchedulerTest.StopCancelsFutureTasksAndExceptionsAreObservable
19/31 Test #22: AccountExecutionSchedulerTest.StopCancelsFutureTasksAndExceptionsAreObservable .........   Passed    0.01 sec
      Start 30: WalReplayLoaderTest.RebuildsOrderStateAndLedgerFromWal
20/31 Test #30: WalReplayLoaderTest.RebuildsOrderStateAndLedgerFromWal .................................   Passed    0.03 sec
      Start 31: WalReplayLoaderTest.ReplaysLegacyTradeKindWithoutEventType
21/31 Test #31: WalReplayLoaderTest.ReplaysLegacyTradeKindWithoutEventType .............................   Passed    0.03 sec
      Start 32: WalReplayLoaderTest.SupportsLegacyWalWithoutExtendedFields
22/31 Test #32: WalReplayLoaderTest.SupportsLegacyWalWithoutExtendedFields .............................   Passed    0.03 sec
      Start 33: WalReplayLoaderTest.ReplaysCtpSubmitMappingForOrphanOrderResolution
23/31 Test #33: WalReplayLoaderTest.ReplaysCtpSubmitMappingForOrphanOrderResolution ....................   Passed    0.03 sec
      Start 34: WalReplayLoaderTest.IgnoresRolloverLinesWithoutParseErrors
24/31 Test #34: WalReplayLoaderTest.IgnoresRolloverLinesWithoutParseErrors .............................   Passed    0.03 sec
      Start 35: WalReplayLoaderTest.DurableReceiptSurvivesAbruptProcessExitAndKeepsStreamOnReopen
25/31 Test #35: WalReplayLoaderTest.DurableReceiptSurvivesAbruptProcessExitAndKeepsStreamOnReopen ......   Passed    0.04 sec
      Start 36: WalReplayLoaderTest.PreservesPricePrecisionAndRejectsNonFiniteRecordsBeforeWrite
26/31 Test #36: WalReplayLoaderTest.PreservesPricePrecisionAndRejectsNonFiniteRecordsBeforeWrite .......   Passed    0.02 sec
      Start 37: WalReplayLoaderTest.ValidatedVisitorIncludesMappingsTradesAndTheirExactReceipts
27/31 Test #37: WalReplayLoaderTest.ValidatedVisitorIncludesMappingsTradesAndTheirExactReceipts ........   Passed    0.03 sec
      Start 38: WalReplayLoaderTest.RejectsChecksumCorruptionBeforeApplyingAnyProjection
28/31 Test #38: WalReplayLoaderTest.RejectsChecksumCorruptionBeforeApplyingAnyProjection ...............   Passed    0.02 sec
      Start 39: WalReplayLoaderTest.IncompleteTailRequiresExplicitRepairAndIsNeverSilentlyAppended
29/31 Test #39: WalReplayLoaderTest.IncompleteTailRequiresExplicitRepairAndIsNeverSilentlyAppended .....   Passed    0.02 sec
      Start 40: WalReplayLoaderTest.RejectsConcurrentWriterAndLegacySequenceGap
30/31 Test #40: WalReplayLoaderTest.RejectsConcurrentWriterAndLegacySequenceGap ........................   Passed    0.02 sec
      Start 41: WalReplayLoaderTest.ContinuesLegacyStreamWithVersionedReceiptAndStableFirstSequence
31/31 Test #41: WalReplayLoaderTest.ContinuesLegacyStreamWithVersionedReceiptAndStableFirstSequence ....   Passed    0.02 sec

100% tests passed, 0 tests failed out of 31

Total Test time (real) =   1.79 sec
