Internal ctest changing into directory: /tmp/quant-hft-runtime-sanitize-build
Test project /tmp/quant-hft-runtime-sanitize-build
      Start  1: DurableOrderEventInboxTest.FullQueuePersistsSuffixAndReplaysBarrierAtItsFifoPosition
 1/64 Test  #1: DurableOrderEventInboxTest.FullQueuePersistsSuffixAndReplaysBarrierAtItsFifoPosition ....   Passed    0.03 sec
      Start  2: DurableOrderEventInboxTest.ConsumerFailureBlocksLaterEventsUntilSuccessfulReplay
 2/64 Test  #2: DurableOrderEventInboxTest.ConsumerFailureBlocksLaterEventsUntilSuccessfulReplay ........   Passed    0.03 sec
      Start  3: DurableOrderEventInboxTest.DamagedRecoverySnapshotInvokesNoConsumer
 3/64 Test  #3: DurableOrderEventInboxTest.DamagedRecoverySnapshotInvokesNoConsumer .....................   Passed    0.02 sec
      Start  6: QuerySchedulerTest.RespectsRateLimit
 4/64 Test  #6: QuerySchedulerTest.RespectsRateLimit ....................................................   Passed    1.13 sec
      Start  7: QuerySchedulerTest.PriorityOrdering
 5/64 Test  #7: QuerySchedulerTest.PriorityOrdering .....................................................   Passed    0.01 sec
      Start  8: QuerySchedulerTest.DeferredTaskOwnsStateUntilDrainedAfterCompletion
 6/64 Test  #8: QuerySchedulerTest.DeferredTaskOwnsStateUntilDrainedAfterCompletion .....................   Passed    0.01 sec
      Start  9: QuerySchedulerTest.CompletionMustMatchTheActiveRequestAndGeneration
 7/64 Test  #9: QuerySchedulerTest.CompletionMustMatchTheActiveRequestAndGeneration .....................   Passed    0.01 sec
      Start 10: QuerySchedulerTest.IntermediateResponseErrorPersistsUntilCompletion
 8/64 Test #10: QuerySchedulerTest.IntermediateResponseErrorPersistsUntilCompletion .....................   Passed    0.01 sec
      Start 11: QuerySchedulerTest.TimeoutDoesNotLetLateCompletionReleaseNextRequest
 9/64 Test #11: QuerySchedulerTest.TimeoutDoesNotLetLateCompletionReleaseNextRequest ....................   Passed    0.01 sec
      Start 12: QuerySchedulerTest.ResetWaitsForExecutingRequestBeforeApiCanBeReleased
10/64 Test #12: QuerySchedulerTest.ResetWaitsForExecutingRequestBeforeApiCanBeReleased ..................   Passed    0.03 sec
      Start 13: QuerySchedulerTest.ThrowingRequestAndFailureHandlerDoNotEscapePoller
11/64 Test #13: QuerySchedulerTest.ThrowingRequestAndFailureHandlerDoNotEscapePoller ....................   Passed    0.01 sec
      Start 14: QueryBatchCollectorTest.NextRequestCannotClearCompletedRows
12/64 Test #14: QueryBatchCollectorTest.NextRequestCannotClearCompletedRows .............................   Passed    0.01 sec
      Start 15: QueryBatchCollectorTest.ErrorOnAnIntermediatePacketCannotBecomeSuccessfulEmptyTruth
13/64 Test #15: QueryBatchCollectorTest.ErrorOnAnIntermediatePacketCannotBecomeSuccessfulEmptyTruth .....   Passed    0.01 sec
      Start 16: QueryBatchCollectorTest.OldGenerationCannotCompleteReusedRequestNumber
14/64 Test #16: QueryBatchCollectorTest.OldGenerationCannotCompleteReusedRequestNumber ..................   Passed    0.01 sec
      Start 17: QueryBatchCollectorTest.SuccessfulEmptyFullBatchIsExplicit
15/64 Test #17: QueryBatchCollectorTest.SuccessfulEmptyFullBatchIsExplicit ..............................   Passed    0.01 sec
      Start 18: QueryBatchCollectorTest.CapacityFailureRemainsFailureUntilLastPacket
16/64 Test #18: QueryBatchCollectorTest.CapacityFailureRemainsFailureUntilLastPacket ....................   Passed    0.01 sec
      Start 20: AccountExecutionSchedulerTest.SerializesSameAccountWhileOtherAccountCanProgress
17/64 Test #20: AccountExecutionSchedulerTest.SerializesSameAccountWhileOtherAccountCanProgress .........   Passed    0.02 sec
      Start 21: AccountExecutionSchedulerTest.HonorsDeadlineAndExplicitCapacityAndCancellation
18/64 Test #21: AccountExecutionSchedulerTest.HonorsDeadlineAndExplicitCapacityAndCancellation ..........   Passed    0.02 sec
      Start 22: AccountExecutionSchedulerTest.StopCancelsFutureTasksAndExceptionsAreObservable
19/64 Test #22: AccountExecutionSchedulerTest.StopCancelsFutureTasksAndExceptionsAreObservable ..........   Passed    0.01 sec
      Start 28: CtpGatewayAdapterTest.FailedQueryBatchDoesNotExposePartialOrMixedCache
20/64 Test #28: CtpGatewayAdapterTest.FailedQueryBatchDoesNotExposePartialOrMixedCache ..................   Passed    0.02 sec
      Start 29: CtpGatewayAdapterTest.EmptyFilteredBatchRemovesOnlyItsScopeAndRejectsOldGeneration
21/64 Test #29: CtpGatewayAdapterTest.EmptyFilteredBatchRemovesOnlyItsScopeAndRejectsOldGeneration ......   Passed    0.02 sec
      Start 30: CtpGatewayAdapterTest.ConnectSubscribeAndOrderFlow
22/64 Test #30: CtpGatewayAdapterTest.ConnectSubscribeAndOrderFlow ......................................   Passed    0.02 sec
      Start 31: CtpGatewayAdapterTest.PlaceOrderEmitsSubmitMappingBeforeOrderCallback
23/64 Test #31: CtpGatewayAdapterTest.PlaceOrderEmitsSubmitMappingBeforeOrderCallback ...................   Passed    0.02 sec
      Start 32: CtpGatewayAdapterTest.DurablePrepareFailureProducesNoSubmissionOrOrderCallback
24/64 Test #32: CtpGatewayAdapterTest.DurablePrepareFailureProducesNoSubmissionOrOrderCallback ..........   Passed    0.02 sec
      Start 33: CtpGatewayAdapterTest.ConnectionStateListenersAreIndependentAndRemovable
25/64 Test #33: CtpGatewayAdapterTest.ConnectionStateListenersAreIndependentAndRemovable ................   Passed    0.02 sec
      Start 34: CtpGatewayAdapterTest.QueryAndOffsetApplySrc
26/64 Test #34: CtpGatewayAdapterTest.QueryAndOffsetApplySrc ............................................   Passed    0.02 sec
      Start 35: CtpGatewayAdapterTest.QuerySnapshotsInSimulatedMode
27/64 Test #35: CtpGatewayAdapterTest.QuerySnapshotsInSimulatedMode .....................................   Passed    0.02 sec
      Start 36: CtpGatewayAdapterTest.CallbackCanReenterCancelOrderWithoutLockContention
28/64 Test #36: CtpGatewayAdapterTest.CallbackCanReenterCancelOrderWithoutLockContention ................   Passed    0.02 sec
      Start 37: CtpGatewayAdapterTest.ConnectFailureExposesDiagnostic
29/64 Test #37: CtpGatewayAdapterTest.ConnectFailureExposesDiagnostic ...................................   Passed    0.02 sec
      Start 38: CtpGatewayAdapterTest.SuccessfulConnectClearsDiagnostic
30/64 Test #38: CtpGatewayAdapterTest.SuccessfulConnectClearsDiagnostic .................................   Passed    0.02 sec
      Start 39: CtpGatewayAdapterTest.NormalizeMarketSnapshotCleansInvalidValuesAndFallbacks
31/64 Test #39: CtpGatewayAdapterTest.NormalizeMarketSnapshotCleansInvalidValuesAndFallbacks ............   Passed    0.02 sec
      Start 40: CtpGatewayAdapterTest.NormalizeMarketSnapshotKeepsValidValues
32/64 Test #40: CtpGatewayAdapterTest.NormalizeMarketSnapshotKeepsValidValues ...........................   Passed    0.02 sec
      Start 41: CtpGatewayAdapterTest.ParsesExchangeTimestampAsAsiaShanghaiWithMilliseconds
33/64 Test #41: CtpGatewayAdapterTest.ParsesExchangeTimestampAsAsiaShanghaiWithMilliseconds .............   Passed    0.02 sec
      Start 42: CtpGatewayAdapterTest.AccountIdentityUsesInvestorAcrossSimulatedSnapshotsAndMappings
34/64 Test #42: CtpGatewayAdapterTest.AccountIdentityUsesInvestorAcrossSimulatedSnapshotsAndMappings ....   Passed    0.02 sec
      Start 43: CtpGatewayAdapterTest.RealConnectionRejectsAnUnconfirmedInvestorBeforeSdkAccess
35/64 Test #43: CtpGatewayAdapterTest.RealConnectionRejectsAnUnconfirmedInvestorBeforeSdkAccess .........   Passed    0.02 sec
      Start 44: CtpGatewayAdapterTest.RawInvestorIdentityHasPriorityAndUnknownIdentityStaysUnknown
36/64 Test #44: CtpGatewayAdapterTest.RawInvestorIdentityHasPriorityAndUnknownIdentityStaysUnknown ......   Passed    0.02 sec
      Start 45: CtpGatewayAdapterTest.SimulatedTradingDayIsExplicitAndCopiedIntoPositionQueryMetadata
37/64 Test #45: CtpGatewayAdapterTest.SimulatedTradingDayIsExplicitAndCopiedIntoPositionQueryMetadata ...   Passed    0.02 sec
      Start 47: CTPTraderAdapterTest.DisconnectTriggersReconnectScheduling
38/64 Test #47: CTPTraderAdapterTest.DisconnectTriggersReconnectScheduling ..............................   Passed    0.57 sec
      Start 48: CTPTraderAdapterTest.ReadinessSnapshotReflectsDisconnectedRecoveryState
39/64 Test #48: CTPTraderAdapterTest.ReadinessSnapshotReflectsDisconnectedRecoveryState .................   Passed    0.02 sec
      Start 49: CTPTraderAdapterTest.ReconnectPerformsLoginAndConfirmSettlement
40/64 Test #49: CTPTraderAdapterTest.ReconnectPerformsLoginAndConfirmSettlement .........................   Passed    0.56 sec
      Start 50: CTPTraderAdapterTest.ReconnectAttemptLimitUsesConnectConfig
41/64 Test #50: CTPTraderAdapterTest.ReconnectAttemptLimitUsesConnectConfig .............................   Passed    0.04 sec
      Start 51: CTPTraderAdapterTest.GatewayHealthyAfterExhaustionRestoresReadyState
42/64 Test #51: CTPTraderAdapterTest.GatewayHealthyAfterExhaustionRestoresReadyState ....................   Passed    0.05 sec
      Start 52: CTPTraderAdapterTest.GatewayOwnedLoginIsNotRepeatedDuringRecoveryCycles
43/64 Test #52: CTPTraderAdapterTest.GatewayOwnedLoginIsNotRepeatedDuringRecoveryCycles .................   Passed    0.04 sec
      Start 53: CTPTraderAdapterTest.DisconnectCancelsPendingReconnectTimer
44/64 Test #53: CTPTraderAdapterTest.DisconnectCancelsPendingReconnectTimer .............................   Passed    1.43 sec
      Start 54: CTPTraderAdapterTest.RecoverOrdersAndTradesQueriesCtp
45/64 Test #54: CTPTraderAdapterTest.RecoverOrdersAndTradesQueriesCtp ...................................   Passed    0.02 sec
      Start 55: CTPTraderAdapterTest.DisconnectRejectsPendingLoginPromise
46/64 Test #55: CTPTraderAdapterTest.DisconnectRejectsPendingLoginPromise ...............................   Passed    0.02 sec
      Start 56: CTPTraderAdapterTest.LoginAsyncReturnsFutureAndResolvesOnSuccess
47/64 Test #56: CTPTraderAdapterTest.LoginAsyncReturnsFutureAndResolvesOnSuccess ........................   Passed    0.02 sec
      Start 57: CTPTraderAdapterTest.LoginAsyncTimesOut
48/64 Test #57: CTPTraderAdapterTest.LoginAsyncTimesOut .................................................   Passed    0.11 sec
      Start 58: CTPTraderAdapterTest.PlaceOrderWithRefReturnsNonEmptyString
49/64 Test #58: CTPTraderAdapterTest.PlaceOrderWithRefReturnsNonEmptyString .............................   Passed    0.02 sec
      Start 59: CTPTraderAdapterTest.FinalDeliveryStopJoinsCallbackBeforeCapturedStateCanDie
50/64 Test #59: CTPTraderAdapterTest.FinalDeliveryStopJoinsCallbackBeforeCapturedStateCanDie ............   Passed    0.05 sec
      Start 60: CTPTraderAdapterTest.CriticalDispatchTimeoutTriggersCircuitBreakerCallback
51/64 Test #60: CTPTraderAdapterTest.CriticalDispatchTimeoutTriggersCircuitBreakerCallback ..............   Passed    0.15 sec
      Start 61: CTPTraderAdapterTest.AccountingQueryMetadataSurvivesReliableCallbackDelivery
52/64 Test #61: CTPTraderAdapterTest.AccountingQueryMetadataSurvivesReliableCallbackDelivery ............   Passed    0.02 sec
      Start 63: WalReplayLoaderTest.RebuildsOrderStateAndLedgerFromWal
53/64 Test #63: WalReplayLoaderTest.RebuildsOrderStateAndLedgerFromWal ..................................   Passed    0.03 sec
      Start 64: WalReplayLoaderTest.ReplaysLegacyTradeKindWithoutEventType
54/64 Test #64: WalReplayLoaderTest.ReplaysLegacyTradeKindWithoutEventType ..............................   Passed    0.02 sec
      Start 65: WalReplayLoaderTest.SupportsLegacyWalWithoutExtendedFields
55/64 Test #65: WalReplayLoaderTest.SupportsLegacyWalWithoutExtendedFields ..............................   Passed    0.02 sec
      Start 66: WalReplayLoaderTest.ReplaysCtpSubmitMappingForOrphanOrderResolution
56/64 Test #66: WalReplayLoaderTest.ReplaysCtpSubmitMappingForOrphanOrderResolution .....................   Passed    0.02 sec
      Start 67: WalReplayLoaderTest.IgnoresRolloverLinesWithoutParseErrors
57/64 Test #67: WalReplayLoaderTest.IgnoresRolloverLinesWithoutParseErrors ..............................   Passed    0.02 sec
      Start 68: WalReplayLoaderTest.DurableReceiptSurvivesAbruptProcessExitAndKeepsStreamOnReopen
58/64 Test #68: WalReplayLoaderTest.DurableReceiptSurvivesAbruptProcessExitAndKeepsStreamOnReopen .......   Passed    0.02 sec
      Start 69: WalReplayLoaderTest.PreservesPricePrecisionAndRejectsNonFiniteRecordsBeforeWrite
59/64 Test #69: WalReplayLoaderTest.PreservesPricePrecisionAndRejectsNonFiniteRecordsBeforeWrite ........   Passed    0.02 sec
      Start 70: WalReplayLoaderTest.ValidatedVisitorIncludesMappingsTradesAndTheirExactReceipts
60/64 Test #70: WalReplayLoaderTest.ValidatedVisitorIncludesMappingsTradesAndTheirExactReceipts .........   Passed    0.02 sec
      Start 71: WalReplayLoaderTest.RejectsChecksumCorruptionBeforeApplyingAnyProjection
61/64 Test #71: WalReplayLoaderTest.RejectsChecksumCorruptionBeforeApplyingAnyProjection ................   Passed    0.02 sec
      Start 72: WalReplayLoaderTest.IncompleteTailRequiresExplicitRepairAndIsNeverSilentlyAppended
62/64 Test #72: WalReplayLoaderTest.IncompleteTailRequiresExplicitRepairAndIsNeverSilentlyAppended ......   Passed    0.02 sec
      Start 73: WalReplayLoaderTest.RejectsConcurrentWriterAndLegacySequenceGap
63/64 Test #73: WalReplayLoaderTest.RejectsConcurrentWriterAndLegacySequenceGap .........................   Passed    0.02 sec
      Start 74: WalReplayLoaderTest.ContinuesLegacyStreamWithVersionedReceiptAndStableFirstSequence
64/64 Test #74: WalReplayLoaderTest.ContinuesLegacyStreamWithVersionedReceiptAndStableFirstSequence .....   Passed    0.02 sec

100% tests passed, 0 tests failed out of 64

Total Test time (real) =   5.16 sec
