Internal ctest changing into directory: /tmp/quant-hft-runtime-sanitize-build
Test project /tmp/quant-hft-runtime-sanitize-build
      Start   5: VerifiedTradeAccountingPolicyTest.MissingFileAndMalformedJsonNeverBecomeReady
 1/62 Test   #5: VerifiedTradeAccountingPolicyTest.MissingFileAndMalformedJsonNeverBecomeReady .........................................   Passed    0.02 sec
      Start   6: VerifiedTradeAccountingPolicyTest.UnknownAndDuplicateJsonKeysAreRejectedAtEveryLevel
 2/62 Test   #6: VerifiedTradeAccountingPolicyTest.UnknownAndDuplicateJsonKeysAreRejectedAtEveryLevel ..................................   Passed    0.02 sec
      Start   7: VerifiedTradeAccountingPolicyTest.UnverifiedInvalidDatesAndUnsupportedConventionsFailClosed
 3/62 Test   #7: VerifiedTradeAccountingPolicyTest.UnverifiedInvalidDatesAndUnsupportedConventionsFailClosed ...........................   Passed    0.02 sec
      Start   8: VerifiedTradeAccountingPolicyTest.DuplicateInstrumentDayScopeIsRejected
 4/62 Test   #8: VerifiedTradeAccountingPolicyTest.DuplicateInstrumentDayScopeIsRejected ...............................................   Passed    0.02 sec
      Start   9: VerifiedTradeAccountingPolicyTest.RuntimeEnvelopeMustMatchEnvironmentBrokerAndAccount
 5/62 Test   #9: VerifiedTradeAccountingPolicyTest.RuntimeEnvelopeMustMatchEnvironmentBrokerAndAccount .................................   Passed    0.02 sec
      Start  10: VerifiedTradeAccountingPolicyTest.ExactSameDayEvidenceReturnsExplicitFeeAndClosePolicy
 6/62 Test  #10: VerifiedTradeAccountingPolicyTest.ExactSameDayEvidenceReturnsExplicitFeeAndClosePolicy ................................   Passed    0.02 sec
      Start  11: VerifiedTradeAccountingPolicyTest.ResolveRejectsEveryMismatchedTradeScopeAndExpiredDay
 7/62 Test  #11: VerifiedTradeAccountingPolicyTest.ResolveRejectsEveryMismatchedTradeScopeAndExpiredDay ................................   Passed    0.02 sec
      Start  12: VerifiedTradeAccountingPolicyTest.EachOfTheThreeCompletedQueriesIsRequired
 8/62 Test  #12: VerifiedTradeAccountingPolicyTest.EachOfTheThreeCompletedQueriesIsRequired ............................................   Passed    0.02 sec
      Start  13: VerifiedTradeAccountingPolicyTest.FailedIncompleteForeignOrUncorrelatedQueryIsNotEvidence
 9/62 Test  #13: VerifiedTradeAccountingPolicyTest.FailedIncompleteForeignOrUncorrelatedQueryIsNotEvidence .............................   Passed    0.03 sec
      Start  14: VerifiedTradeAccountingPolicyTest.WrongRowIdentityOrSourceCannotAuthorizeValuation
10/62 Test  #14: VerifiedTradeAccountingPolicyTest.WrongRowIdentityOrSourceCannotAuthorizeValuation ....................................   Passed    0.02 sec
      Start  15: VerifiedTradeAccountingPolicyTest.EveryQueriedFeeLegAndMultiplierMustMatchTheVerifiedRecord
11/62 Test  #15: VerifiedTradeAccountingPolicyTest.EveryQueriedFeeLegAndMultiplierMustMatchTheVerifiedRecord ...........................   Passed    0.02 sec
      Start  16: VerifiedTradeAccountingPolicyTest.NonzeroOrderOrCancellationFeeIsUnsupported
12/62 Test  #16: VerifiedTradeAccountingPolicyTest.NonzeroOrderOrCancellationFeeIsUnsupported ..........................................   Passed    0.02 sec
      Start  17: VerifiedTradeAccountingPolicyTest.MissingAndConflictingDuplicateQueryRowsAreRejected
13/62 Test  #17: VerifiedTradeAccountingPolicyTest.MissingAndConflictingDuplicateQueryRowsAreRejected ..................................   Passed    0.02 sec
      Start  18: VerifiedTradeAccountingPolicyTest.ExplicitProductCommissionMappingRequiresAFilteredQuery
14/62 Test  #18: VerifiedTradeAccountingPolicyTest.ExplicitProductCommissionMappingRequiresAFilteredQuery ..............................   Passed    0.02 sec
      Start  19: VerifiedTradeAccountingPolicyTest.FailedLatestQueryRevokesPreviousReadiness
15/62 Test  #19: VerifiedTradeAccountingPolicyTest.FailedLatestQueryRevokesPreviousReadiness ...........................................   Passed    0.02 sec
      Start  20: VerifiedTradeAccountingPolicyTest.YesterdayFirstMustBeAnExplicitVerifiedChoice
16/62 Test  #20: VerifiedTradeAccountingPolicyTest.YesterdayFirstMustBeAnExplicitVerifiedChoice ........................................   Passed    0.02 sec
      Start  21: VerifiedTradeAccountingPolicyTest.ShfeAndIneRequireExchangeExplicitCloseConvention
17/62 Test  #21: VerifiedTradeAccountingPolicyTest.ShfeAndIneRequireExchangeExplicitCloseConvention ....................................   Passed    0.02 sec
      Start  22: VerifiedTradeAccountingPolicyTest.SimulatedEvidenceOnlyMatchesTheSimulationEnvironment
18/62 Test  #22: VerifiedTradeAccountingPolicyTest.SimulatedEvidenceOnlyMatchesTheSimulationEnvironment ................................   Passed    0.02 sec
      Start  23: VerifiedTradeAccountingPolicyTest.RestoredEvidenceOnlyAuthorizesIdenticalHistoricalPolicy
19/62 Test  #23: VerifiedTradeAccountingPolicyTest.RestoredEvidenceOnlyAuthorizesIdenticalHistoricalPolicy .............................   Passed    0.02 sec
      Start  24: VerifiedTradeAccountingPolicyTest.NewSessionRequiresMatchingFreshQueryGeneration
20/62 Test  #24: VerifiedTradeAccountingPolicyTest.NewSessionRequiresMatchingFreshQueryGeneration ......................................   Passed    0.02 sec
      Start 107: TradingDomainStoreClientAdapterTest.EveryApplyWriteFailureRollsBackAndCanBeReplayed
21/62 Test #107: TradingDomainStoreClientAdapterTest.EveryApplyWriteFailureRollsBackAndCanBeReplayed ...................................   Passed    0.02 sec
      Start 108: TradingDomainStoreClientAdapterTest.ConcurrentSameAccountFillsDoNotLoseUpdates
22/62 Test #108: TradingDomainStoreClientAdapterTest.ConcurrentSameAccountFillsDoNotLoseUpdates ........................................   Passed    0.02 sec
      Start 109: TradingDomainStoreClientAdapterTest.OutboxConsumersAcknowledgeIndependently
23/62 Test #109: TradingDomainStoreClientAdapterTest.OutboxConsumersAcknowledgeIndependently ...........................................   Passed    0.02 sec
      Start 110: TradingDomainStoreClientAdapterTest.RuntimeEnvironmentBindingCannotBeReusedAcrossBrokersOrEnvironments
24/62 Test #110: TradingDomainStoreClientAdapterTest.RuntimeEnvironmentBindingCannotBeReusedAcrossBrokersOrEnvironments ................   Passed    0.01 sec
      Start 111: TradingDomainStoreClientAdapterTest.AtomicApplyDeduplicatesAndQuarantinesPayloadConflict
25/62 Test #111: TradingDomainStoreClientAdapterTest.AtomicApplyDeduplicatesAndQuarantinesPayloadConflict ..............................   Passed    0.02 sec
      Start 112: TradingDomainStoreClientAdapterTest.ReceiptGapsAdvanceOnlyWhenEveryRecordIsApplied
26/62 Test #112: TradingDomainStoreClientAdapterTest.ReceiptGapsAdvanceOnlyWhenEveryRecordIsApplied ....................................   Passed    0.02 sec
      Start 113: TradingDomainStoreClientAdapterTest.ReceiptCannotBeReboundToAnotherTradeOrChecksum
27/62 Test #113: TradingDomainStoreClientAdapterTest.ReceiptCannotBeReboundToAnotherTradeOrChecksum ....................................   Passed    0.02 sec
      Start 114: TradingDomainStoreClientAdapterTest.DirectionAndTradingDayArePartOfIdentity
28/62 Test #114: TradingDomainStoreClientAdapterTest.DirectionAndTradingDayArePartOfIdentity ...........................................   Passed    0.02 sec
      Start 115: TradingDomainStoreClientAdapterTest.ExactCloseAllocationKeepsSidesAndHedgeBucketsSeparate
29/62 Test #115: TradingDomainStoreClientAdapterTest.ExactCloseAllocationKeepsSidesAndHedgeBucketsSeparate .............................   Passed    0.02 sec
      Start 116: TradingDomainStoreClientAdapterTest.CloseCannotConsumeAnotherHedgeBook
30/62 Test #116: TradingDomainStoreClientAdapterTest.CloseCannotConsumeAnotherHedgeBook ................................................   Passed    0.02 sec
      Start 117: TradingDomainStoreClientAdapterTest.RuntimeAccountRejectsRawBackfillAndUnattributedTrade
31/62 Test #117: TradingDomainStoreClientAdapterTest.RuntimeAccountRejectsRawBackfillAndUnattributedTrade ..............................   Passed    0.02 sec
      Start 118: TradingDomainStoreClientAdapterTest.BrokerBaselineCoversHistoryWithoutAddingAgain
32/62 Test #118: TradingDomainStoreClientAdapterTest.BrokerBaselineCoversHistoryWithoutAddingAgain .....................................   Passed    0.02 sec
      Start 119: TradingDomainStoreClientAdapterTest.LiveGenericCloseRequiresRuleAndUsesItsExactAllocation
33/62 Test #119: TradingDomainStoreClientAdapterTest.LiveGenericCloseRequiresRuleAndUsesItsExactAllocation .............................   Passed    0.02 sec
      Start 120: TradingDomainStoreClientAdapterTest.VerifiedOpeningPriceValuationPersistsComputedProfitWithoutBlockingUnvaluedFacts
34/62 Test #120: TradingDomainStoreClientAdapterTest.VerifiedOpeningPriceValuationPersistsComputedProfitWithoutBlockingUnvaluedFacts ...   Passed    0.02 sec
      Start 121: TradingDomainStoreClientAdapterTest.VerifiedMixedCloseFeesUseCommittedAllocationAndReplayRawPayload
35/62 Test #121: TradingDomainStoreClientAdapterTest.VerifiedMixedCloseFeesUseCommittedAllocationAndReplayRawPayload ...................   Passed    0.02 sec
      Start 122: TradingDomainStoreClientAdapterTest.RequiredValuationLeavesUnknownNewFillAndWatermarkPending
36/62 Test #122: TradingDomainStoreClientAdapterTest.RequiredValuationLeavesUnknownNewFillAndWatermarkPending ..........................   Passed    0.02 sec
      Start 123: TradingDomainStoreClientAdapterTest.InMemoryTransactionRollsBackOnFalseAndException
37/62 Test #123: TradingDomainStoreClientAdapterTest.InMemoryTransactionRollsBackOnFalseAndException ...................................   Passed    0.02 sec
      Start 124: TradingDomainStoreClientAdapterTest.TradingDayAdvanceIsAtomicIdempotentAndEmitsPositionOutbox
38/62 Test #124: TradingDomainStoreClientAdapterTest.TradingDayAdvanceIsAtomicIdempotentAndEmitsPositionOutbox .........................   Passed    0.02 sec
      Start 125: TradingDomainStoreClientAdapterTest.WritesDomainRowsToConfiguredSchema
39/62 Test #125: TradingDomainStoreClientAdapterTest.WritesDomainRowsToConfiguredSchema ................................................   Passed    0.02 sec
      Start 126: TradingDomainStoreClientAdapterTest.OrderLifecycleUpdatesOneAccountScopedRow
40/62 Test #126: TradingDomainStoreClientAdapterTest.OrderLifecycleUpdatesOneAccountScopedRow ..........................................   Passed    0.02 sec
      Start 127: TradingDomainStoreClientAdapterTest.RejectsMissingRequiredFields
41/62 Test #127: TradingDomainStoreClientAdapterTest.RejectsMissingRequiredFields ......................................................   Passed    0.01 sec
      Start 128: TradingDomainStoreClientAdapterTest.PersistsTimestampWithUtcOffsetSuffix
42/62 Test #128: TradingDomainStoreClientAdapterTest.PersistsTimestampWithUtcOffsetSuffix ..............................................   Passed    0.02 sec
      Start 129: TradingDomainStoreClientAdapterTest.SkipsDuplicateOrderAndTradeByBusinessKeys
43/62 Test #129: TradingDomainStoreClientAdapterTest.SkipsDuplicateOrderAndTradeByBusinessKeys .........................................   Passed    0.02 sec
      Start 160: ExecutionEngineTest.PlaceOrderAsyncReturnsOrderRef
44/62 Test #160: ExecutionEngineTest.PlaceOrderAsyncReturnsOrderRef ....................................................................   Passed    0.03 sec
      Start 161: ExecutionEngineTest.UnknownSubmissionKeepsReservationWhileDefiniteFailureReleasesIt
45/62 Test #161: ExecutionEngineTest.UnknownSubmissionKeepsReservationWhileDefiniteFailureReleasesIt ...................................   Passed    0.03 sec
      Start 162: ExecutionEngineTest.ConcurrentCrossingOrdersAreSerializedThroughRiskAndRegistration
46/62 Test #162: ExecutionEngineTest.ConcurrentCrossingOrdersAreSerializedThroughRiskAndRegistration ...................................   Passed    0.03 sec
      Start 163: ExecutionEngineTest.ActiveOrderLimitIncludesUnknownAndSerializesConcurrentAdmission
47/62 Test #163: ExecutionEngineTest.ActiveOrderLimitIncludesUnknownAndSerializesConcurrentAdmission ...................................   Passed    0.03 sec
      Start 164: ExecutionEngineTest.TerminalOrderReportDoesNotDiscardUnbookedTrade
48/62 Test #164: ExecutionEngineTest.TerminalOrderReportDoesNotDiscardUnbookedTrade ....................................................   Passed    0.03 sec
      Start 165: ExecutionEngineTest.OrderPersistenceFailureHoldsReceiptButDoesNotDiscardRealFill
49/62 Test #165: ExecutionEngineTest.OrderPersistenceFailureHoldsReceiptButDoesNotDiscardRealFill ......................................   Passed    0.03 sec
      Start 166: ExecutionEngineTest.PlaceOrderRiskRejectReturnsFailedResult
50/62 Test #166: ExecutionEngineTest.PlaceOrderRiskRejectReturnsFailedResult ...........................................................   Passed    0.03 sec
      Start 167: ExecutionEngineTest.PlaceOrderRiskContextUsesResolvedContractMultiplier
51/62 Test #167: ExecutionEngineTest.PlaceOrderRiskContextUsesResolvedContractMultiplier ...............................................   Passed    0.03 sec
      Start 168: ExecutionEngineTest.CircuitBreakerOpenBlocksNewOrder
52/62 Test #168: ExecutionEngineTest.CircuitBreakerOpenBlocksNewOrder ..................................................................   Passed    0.03 sec
      Start 169: ExecutionEngineTest.OrderStateTransitionValidSequence
53/62 Test #169: ExecutionEngineTest.OrderStateTransitionValidSequence .................................................................   Passed    0.03 sec
      Start 170: ExecutionEngineTest.OrderStateTransitionInvalidSequenceRejected
54/62 Test #170: ExecutionEngineTest.OrderStateTransitionInvalidSequenceRejected .......................................................   Passed    0.03 sec
      Start 171: ExecutionEngineTest.CancelActionRejectDoesNotBlockLateTradeFill
55/62 Test #171: ExecutionEngineTest.CancelActionRejectDoesNotBlockLateTradeFill .......................................................   Passed    0.03 sec
      Start 172: ExecutionEngineTest.DuplicateOrderEventIgnored
56/62 Test #172: ExecutionEngineTest.DuplicateOrderEventIgnored ........................................................................   Passed    0.03 sec
      Start 173: ExecutionEngineTest.CancelOrderAsyncSuccessReturnsTrue
57/62 Test #173: ExecutionEngineTest.CancelOrderAsyncSuccessReturnsTrue ................................................................   Passed    0.10 sec
      Start 174: ExecutionEngineTest.CancelOrderAsyncRetryOnFailureEventuallyReturnsFalse
58/62 Test #174: ExecutionEngineTest.CancelOrderAsyncRetryOnFailureEventuallyReturnsFalse ..............................................   Passed    0.03 sec
      Start 175: ExecutionEngineTest.PositionUpdateAfterTradeRedisAndPgConsistent
59/62 Test #175: ExecutionEngineTest.PositionUpdateAfterTradeRedisAndPgConsistent ......................................................   Passed    0.03 sec
      Start 176: ExecutionEngineTest.DurableAccountingEvidenceGatesNewFillButNotCommittedDuplicate
60/62 Test #176: ExecutionEngineTest.DurableAccountingEvidenceGatesNewFillButNotCommittedDuplicate .....................................   Passed    0.03 sec
      Start 177: ExecutionEngineTest.QueryTradingAccountAsyncReturnsSnapshot
61/62 Test #177: ExecutionEngineTest.QueryTradingAccountAsyncReturnsSnapshot ...........................................................   Passed    0.03 sec
      Start 178: ExecutionEngineTest.EmptyPositionQueryCompletesAfterDispatcherCallback
62/62 Test #178: ExecutionEngineTest.EmptyPositionQueryCompletesAfterDispatcherCallback ................................................   Passed    0.03 sec

100% tests passed, 0 tests failed out of 62

Total Test time (real) =   1.44 sec
