Running main() from /tmp/quant-hft-build/_deps/googletest-src/googletest/src/gtest_main.cc
[==========] Running 18 tests from 1 test suite.
[----------] Global test environment set-up.
[----------] 18 tests from VerifiedTradeAccountingPolicyTest
[ RUN      ] VerifiedTradeAccountingPolicyTest.MissingFileAndMalformedJsonNeverBecomeReady
[       OK ] VerifiedTradeAccountingPolicyTest.MissingFileAndMalformedJsonNeverBecomeReady (0 ms)
[ RUN      ] VerifiedTradeAccountingPolicyTest.UnknownAndDuplicateJsonKeysAreRejectedAtEveryLevel
[       OK ] VerifiedTradeAccountingPolicyTest.UnknownAndDuplicateJsonKeysAreRejectedAtEveryLevel (0 ms)
[ RUN      ] VerifiedTradeAccountingPolicyTest.UnverifiedInvalidDatesAndUnsupportedConventionsFailClosed
[       OK ] VerifiedTradeAccountingPolicyTest.UnverifiedInvalidDatesAndUnsupportedConventionsFailClosed (0 ms)
[ RUN      ] VerifiedTradeAccountingPolicyTest.DuplicateInstrumentDayScopeIsRejected
[       OK ] VerifiedTradeAccountingPolicyTest.DuplicateInstrumentDayScopeIsRejected (0 ms)
[ RUN      ] VerifiedTradeAccountingPolicyTest.RuntimeEnvelopeMustMatchEnvironmentBrokerAndAccount
[       OK ] VerifiedTradeAccountingPolicyTest.RuntimeEnvelopeMustMatchEnvironmentBrokerAndAccount (0 ms)
[ RUN      ] VerifiedTradeAccountingPolicyTest.ExactSameDayEvidenceReturnsExplicitFeeAndClosePolicy
[       OK ] VerifiedTradeAccountingPolicyTest.ExactSameDayEvidenceReturnsExplicitFeeAndClosePolicy (1 ms)
[ RUN      ] VerifiedTradeAccountingPolicyTest.ResolveRejectsEveryMismatchedTradeScopeAndExpiredDay
[       OK ] VerifiedTradeAccountingPolicyTest.ResolveRejectsEveryMismatchedTradeScopeAndExpiredDay (0 ms)
[ RUN      ] VerifiedTradeAccountingPolicyTest.EachOfTheThreeCompletedQueriesIsRequired
[       OK ] VerifiedTradeAccountingPolicyTest.EachOfTheThreeCompletedQueriesIsRequired (0 ms)
[ RUN      ] VerifiedTradeAccountingPolicyTest.FailedIncompleteForeignOrUncorrelatedQueryIsNotEvidence
[       OK ] VerifiedTradeAccountingPolicyTest.FailedIncompleteForeignOrUncorrelatedQueryIsNotEvidence (2 ms)
[ RUN      ] VerifiedTradeAccountingPolicyTest.WrongRowIdentityOrSourceCannotAuthorizeValuation
[       OK ] VerifiedTradeAccountingPolicyTest.WrongRowIdentityOrSourceCannotAuthorizeValuation (2 ms)
[ RUN      ] VerifiedTradeAccountingPolicyTest.EveryQueriedFeeLegAndMultiplierMustMatchTheVerifiedRecord
[       OK ] VerifiedTradeAccountingPolicyTest.EveryQueriedFeeLegAndMultiplierMustMatchTheVerifiedRecord (0 ms)
[ RUN      ] VerifiedTradeAccountingPolicyTest.NonzeroOrderOrCancellationFeeIsUnsupported
[       OK ] VerifiedTradeAccountingPolicyTest.NonzeroOrderOrCancellationFeeIsUnsupported (0 ms)
[ RUN      ] VerifiedTradeAccountingPolicyTest.MissingAndConflictingDuplicateQueryRowsAreRejected
[       OK ] VerifiedTradeAccountingPolicyTest.MissingAndConflictingDuplicateQueryRowsAreRejected (1 ms)
[ RUN      ] VerifiedTradeAccountingPolicyTest.ExplicitProductCommissionMappingRequiresAFilteredQuery
[       OK ] VerifiedTradeAccountingPolicyTest.ExplicitProductCommissionMappingRequiresAFilteredQuery (0 ms)
[ RUN      ] VerifiedTradeAccountingPolicyTest.FailedLatestQueryRevokesPreviousReadiness
[       OK ] VerifiedTradeAccountingPolicyTest.FailedLatestQueryRevokesPreviousReadiness (0 ms)
[ RUN      ] VerifiedTradeAccountingPolicyTest.YesterdayFirstMustBeAnExplicitVerifiedChoice
[       OK ] VerifiedTradeAccountingPolicyTest.YesterdayFirstMustBeAnExplicitVerifiedChoice (0 ms)
[ RUN      ] VerifiedTradeAccountingPolicyTest.ShfeAndIneRequireExchangeExplicitCloseConvention
[       OK ] VerifiedTradeAccountingPolicyTest.ShfeAndIneRequireExchangeExplicitCloseConvention (0 ms)
[ RUN      ] VerifiedTradeAccountingPolicyTest.SimulatedEvidenceOnlyMatchesTheSimulationEnvironment
[       OK ] VerifiedTradeAccountingPolicyTest.SimulatedEvidenceOnlyMatchesTheSimulationEnvironment (0 ms)
[----------] 18 tests from VerifiedTradeAccountingPolicyTest (17 ms total)

[----------] Global test environment tear-down
[==========] 18 tests from 1 test suite ran. (17 ms total)
[  PASSED  ] 18 tests.
