[  0%] Built target gtest
[  0%] Building CXX object CMakeFiles/quant_hft_common.dir/src/core/common/flow_controller.cpp.o
[  1%] Building CXX object CMakeFiles/quant_hft_common.dir/src/core/config/runtime_semantics_loader.cpp.o
[  1%] Built target gtest_main
[  2%] Built target gmock
[  2%] Built target simnow_dashboard_cli_test
[  2%] Built target quality_gate_scripts_test
[  2%] Built target simnow_preflight_script_test
[  2%] Built target consistency_gate_script_test
[  2%] Built target preprod_rehearsal_gate_script_test
[  3%] Built target run_backtest_from_config_script_test
[  4%] Built target gmock_main
[  4%] Built target run_backtest_with_validation_script_test
[  4%] Built target run_rolling_backtest_script_test
[  4%] Linking CXX static library libquant_hft_common.a
[  7%] Built target quant_hft_common
[  7%] Built target quant_hft_wal_io
[ 10%] Built target quant_hft_storage
[ 12%] Built target quant_hft_ctp
[ 12%] Building CXX object CMakeFiles/quant_hft_services.dir/src/risk/risk_manager.cpp.o
[ 13%] Building CXX object CMakeFiles/quant_hft_services.dir/src/services/order/execution_engine.cpp.o
[ 14%] Linking CXX executable query_scheduler_test
[ 14%] Building CXX object CMakeFiles/ctp_gateway_adapter_test.dir/tests/unit/core/ctp_gateway_adapter_test.cpp.o
[ 14%] Linking CXX executable durable_order_event_inbox_test
[ 14%] Building CXX object CMakeFiles/ctp_trader_adapter_test.dir/tests/unit/core/ctp_trader_adapter_test.cpp.o
[ 15%] Building CXX object CMakeFiles/query_batch_collector_test.dir/tests/unit/core/query_batch_collector_test.cpp.o
[ 15%] Built target durable_order_event_inbox_test
[ 15%] Built target query_scheduler_test
/home/kevin/quant_platform_HF/src/services/order/execution_engine.cpp: In member function ‘quant_hft::TradeApplyResult quant_hft::ExecutionEngine::ProcessOrderEvent(const quant_hft::OrderEvent&, const quant_hft::WalReceipt&, bool)’:
/home/kevin/quant_platform_HF/src/services/order/execution_engine.cpp:365:72: warning: missing initializer for member ‘quant_hft::TradeApplyRequest::accounting_policy’ [-Wmissing-field-initializers]
  365 |                                   event.event_source == "OnRspQryTrade"};
      |                                                                        ^
[ 15%] Linking CXX executable query_batch_collector_test
[ 15%] Built target query_batch_collector_test
[ 16%] Linking CXX static library libquant_hft_services.a
[ 21%] Built target quant_hft_services
[ 21%] Building CXX object CMakeFiles/quant_hft_online_runtime.dir/src/services/settlement/settlement_query_client.cpp.o
[ 25%] Built target quant_hft_strategy
[ 22%] Building CXX object CMakeFiles/quant_hft_online_runtime.dir/src/services/settlement/daily_settlement_service.cpp.o
Consolidate compiler generated dependencies of target quant_hft_backtest
[ 25%] Building CXX object CMakeFiles/quant_hft_backtest.dir/src/backtest/replay_runtime.cpp.o
[ 25%] Linking CXX executable ctp_trader_adapter_test
[ 25%] Linking CXX executable ctp_gateway_adapter_test
[ 25%] Built target ctp_trader_adapter_test
[ 25%] Built target ctp_gateway_adapter_test
[ 26%] Linking CXX static library libquant_hft_online_runtime.a
[ 27%] Built target quant_hft_online_runtime
Consolidate compiler generated dependencies of target core_engine
Consolidate compiler generated dependencies of target runtime_paths_cli
[ 29%] Building CXX object CMakeFiles/simnow_flatten_positions.dir/src/apps/simnow_flatten_positions_cli_main.cpp.o
[ 29%] Linking CXX executable wal_replay_tool
[ 29%] Building CXX object CMakeFiles/simnow_probe.dir/src/apps/simnow_probe_main.cpp.o
[ 30%] Building CXX object CMakeFiles/daily_settlement.dir/src/apps/daily_settlement_main.cpp.o
[ 30%] Linking CXX executable account_execution_scheduler_test
[ 30%] Linking CXX executable runtime_paths_cli
[ 30%] Building CXX object CMakeFiles/core_engine.dir/src/apps/core_engine_main.cpp.o
[ 30%] Built target wal_replay_tool
Consolidate compiler generated dependencies of target runtime_paths_test
[ 30%] Linking CXX executable runtime_paths_test
[ 30%] Built target account_execution_scheduler_test
[ 31%] Built target runtime_paths_cli
[ 31%] Linking CXX executable runtime_identity_test
[ 32%] Linking CXX executable wal_replay_loader_test
[ 32%] Built target runtime_paths_test
[ 32%] Built target runtime_identity_test
Consolidate compiler generated dependencies of target simnow_supervisor_script_test
[ 32%] Building CXX object CMakeFiles/simnow_supervisor_script_test.dir/tests/unit/build/simnow_supervisor_script_test.cpp.o
[ 32%] Built target wal_replay_loader_test
[ 32%] Linking CXX executable simnow_flatten_positions
[ 32%] Linking CXX executable daily_settlement
[ 32%] Linking CXX executable simnow_supervisor_script_test
[ 32%] Linking CXX executable simnow_probe
[ 32%] Built target simnow_flatten_positions
[ 32%] Built target simnow_supervisor_script_test
[ 32%] Built target daily_settlement
[ 32%] Built target simnow_probe
[ 32%] Linking CXX static library libquant_hft_backtest.a
[ 36%] Built target quant_hft_backtest
[ 36%] Building CXX object CMakeFiles/backtest_consistency_cli.dir/src/apps/backtest_consistency_cli_main.cpp.o
[ 36%] Building CXX object CMakeFiles/backtest_benchmark_cli.dir/src/apps/backtest_benchmark_cli_main.cpp.o
[ 36%] Building CXX object CMakeFiles/backtest_cli.dir/src/apps/backtest_cli_main.cpp.o
[ 37%] Built target quant_hft_optim
[ 37%] Building CXX object CMakeFiles/factor_eval_cli.dir/src/apps/factor_eval_cli_main.cpp.o
[ 38%] Building CXX object CMakeFiles/csv_to_parquet_cli.dir/src/apps/csv_to_parquet_cli_main.cpp.o
[ 38%] Building CXX object CMakeFiles/csv_parquet_compare_cli.dir/src/apps/csv_parquet_compare_cli_main.cpp.o
[ 38%] Building CXX object CMakeFiles/simnow_compare_cli.dir/src/apps/simnow_compare_cli_main.cpp.o
[ 39%] Linking CXX executable backtest_cli
[ 39%] Linking CXX executable factor_eval_cli
[ 39%] Linking CXX executable backtest_consistency_cli
[ 39%] Linking CXX executable backtest_benchmark_cli
[ 40%] Linking CXX executable simnow_compare_cli
[ 40%] Linking CXX executable csv_parquet_compare_cli
[ 40%] Built target backtest_consistency_cli
[ 40%] Built target backtest_cli
[ 40%] Built target backtest_benchmark_cli
Consolidate compiler generated dependencies of target replay_market_parity_test
[ 41%] Building CXX object CMakeFiles/parquet_data_feed_test.dir/tests/unit/backtest/parquet_data_feed_test.cpp.o
[ 41%] Building CXX object CMakeFiles/replay_market_parity_test.dir/tests/unit/apps/replay_market_parity_test.cpp.o
[ 42%] Linking CXX executable backtest_data_feed_test
[ 42%] Built target factor_eval_cli
[ 43%] Building CXX object CMakeFiles/backtest_result_export_test.dir/tests/unit/apps/backtest_result_export_test.cpp.o
[ 43%] Built target simnow_compare_cli
Consolidate compiler generated dependencies of target backtest_replay_support_test
[ 43%] Building CXX object CMakeFiles/backtest_replay_support_test.dir/tests/unit/apps/backtest_replay_support_test.cpp.o
[ 43%] Built target csv_parquet_compare_cli
[ 43%] Linking CXX executable parameter_space_test
[ 43%] Built target backtest_data_feed_test
[ 44%] Linking CXX executable grid_search_test
[ 44%] Built target parameter_space_test
[ 45%] Linking CXX executable random_search_test
[ 45%] Built target grid_search_test
[ 45%] Linking CXX executable task_scheduler_test
[ 45%] Built target random_search_test
[ 45%] Linking CXX executable result_analyzer_test
[ 45%] Built target task_scheduler_test
[ 45%] Building CXX object CMakeFiles/temp_config_generator_test.dir/tests/unit/optim/temp_config_generator_test.cpp.o
[ 45%] Built target result_analyzer_test
[ 47%] Built target quant_hft_rolling
[ 47%] Linking CXX executable parameter_optim_cli
[ 47%] Linking CXX executable csv_to_parquet_cli
[ 47%] Linking CXX executable core_engine
[ 48%] Built target parameter_optim_cli
[ 48%] Building CXX object CMakeFiles/rolling_backtest_cli.dir/src/apps/rolling_backtest_cli_main.cpp.o
[ 48%] Linking CXX executable backtest_result_export_test
[ 48%] Built target csv_to_parquet_cli
[ 48%] Building CXX object CMakeFiles/oos_top10_validation_cli.dir/src/apps/oos_top10_validation_cli_main.cpp.o
[ 48%] Built target core_engine
[ 48%] Linking CXX executable simnow_wal_export_cli
[ 48%] Built target backtest_result_export_test
[ 48%] Building CXX object CMakeFiles/market_data_repair_cli.dir/src/apps/market_data_repair_cli_main.cpp.o
[ 48%] Linking CXX executable rolling_backtest_cli
[ 49%] Built target simnow_wal_export_cli
[ 49%] Linking CXX executable simnow_dashboard_cli
[ 49%] Linking CXX executable temp_config_generator_test
[ 49%] Built target simnow_dashboard_cli
[ 49%] Building CXX object CMakeFiles/simnow_weekly_stress_cli.dir/src/apps/simnow_weekly_stress_cli_main.cpp.o
[ 50%] Linking CXX executable oos_top10_validation_cli
[ 50%] Built target temp_config_generator_test
[ 51%] Linking CXX executable reconnect_evidence_cli
[ 51%] Linking CXX executable parquet_data_feed_test
[ 51%] Built target reconnect_evidence_cli
[ 51%] Built target rolling_backtest_cli
[ 51%] Linking CXX executable ops_health_report_cli
[ 52%] Linking CXX executable ops_alert_report_cli
[ 52%] Built target ops_health_report_cli
[ 52%] Built target ops_alert_report_cli
[ 53%] Linking CXX executable ctp_cutover_orchestrator_cli
[ 54%] Linking CXX executable verify_contract_sync_cli
[ 54%] Built target oos_top10_validation_cli
[ 54%] Linking CXX executable verify_develop_requirements_cli
[ 54%] Built target ctp_cutover_orchestrator_cli
[ 54%] Linking CXX executable atomic_trade_postgres_test
[ 54%] Built target verify_contract_sync_cli
[ 54%] Building CXX object CMakeFiles/position_reconciliation_test.dir/tests/unit/services/position_reconciliation_test.cpp.o
[ 54%] Built target parquet_data_feed_test
[ 54%] Linking CXX executable ctp_config_test
[ 54%] Built target verify_develop_requirements_cli
[ 54%] Building CXX object CMakeFiles/ctp_config_loader_test.dir/tests/unit/core/ctp_config_loader_test.cpp.o
[ 54%] Built target atomic_trade_postgres_test
[ 54%] Linking CXX executable instrument_meta_cache_test
[ 55%] Linking CXX executable simnow_weekly_stress_cli
[ 55%] Built target ctp_config_test
[ 55%] Building CXX object CMakeFiles/ctp_md_adapter_test.dir/tests/unit/core/ctp_md_adapter_test.cpp.o
[ 55%] Linking CXX executable market_data_repair_cli
[ 55%] Built target instrument_meta_cache_test
[ 56%] Linking CXX executable redis_realtime_store_test
[ 56%] Linking CXX executable replay_market_parity_test
[ 57%] Linking CXX executable position_reconciliation_test
[ 57%] Built target redis_realtime_store_test
[ 57%] Linking CXX executable timescale_event_store_test
[ 57%] Built target market_data_repair_cli
[ 57%] Linking CXX executable redis_realtime_store_client_adapter_test
[ 57%] Built target simnow_weekly_stress_cli
[ 57%] Linking CXX executable timescale_event_store_client_adapter_test
[ 57%] Built target position_reconciliation_test
[ 57%] Linking CXX executable storage_client_pool_test
[ 57%] Built target timescale_event_store_test
[ 57%] Linking CXX executable backtest_replay_support_test
[ 57%] Linking CXX executable timescale_buffered_event_store_test
[ 57%] Built target redis_realtime_store_client_adapter_test
[ 57%] Linking CXX executable storage_client_factory_test
[ 58%] Built target timescale_event_store_client_adapter_test
[ 59%] Linking CXX executable tcp_redis_hash_client_test
[ 59%] Built target storage_client_pool_test
[ 59%] Linking CXX executable libpq_timescale_sql_client_test
[ 59%] Built target replay_market_parity_test
[ 59%] Linking CXX executable trading_ledger_store_client_adapter_test
[ 59%] Built target timescale_buffered_event_store_test
[ 59%] Linking CXX executable trading_domain_store_client_adapter_test
[ 59%] Built target storage_client_factory_test
[ 59%] Linking CXX executable object_pool_test
[ 59%] Built target tcp_redis_hash_client_test
[ 59%] Linking CXX executable event_object_pool_test
[ 59%] Built target libpq_timescale_sql_client_test
[ 59%] Built target trading_ledger_store_client_adapter_test
[ 59%] Linking CXX executable market_bus_producer_test
[ 59%] Linking CXX executable event_dispatcher_test
[ 60%] Built target trading_domain_store_client_adapter_test
[ 60%] Linking CXX executable callback_dispatcher_test
[ 60%] Built target object_pool_test
[ 60%] Building CXX object CMakeFiles/flow_controller_test.dir/tests/unit/core/flow_controller_test.cpp.o
[ 60%] Linking CXX executable ctp_md_adapter_test
[ 60%] Built target backtest_replay_support_test
[ 60%] Built target event_dispatcher_test
[ 60%] Built target market_bus_producer_test
[ 61%] Linking CXX executable circuit_breaker_test
[ 61%] Built target event_object_pool_test
[ 61%] Linking CXX executable fixed_decimal_test
[ 61%] Linking CXX executable risk_policy_engine_test
[ 61%] Linking CXX executable basic_risk_engine_test
[ 61%] Built target callback_dispatcher_test
[ 61%] Linking CXX executable in_memory_portfolio_ledger_test
[ 62%] Built target fixed_decimal_test
[ 62%] Built target basic_risk_engine_test
[ 62%] Built target circuit_breaker_test
[ 62%] Built target risk_policy_engine_test
[ 63%] Linking CXX executable ctp_account_ledger_test
[ 63%] Linking CXX executable ctp_position_ledger_test
[ 63%] Linking CXX executable pending_exit_store_test
[ 63%] Linking CXX executable ctp_close_offset_resolver_test
[ 63%] Built target ctp_md_adapter_test
[ 63%] Linking CXX executable trading_permission_controller_test
[ 63%] Built target ctp_account_ledger_test
[ 63%] Built target pending_exit_store_test
[ 63%] Built target ctp_close_offset_resolver_test
[ 64%] Built target in_memory_portfolio_ledger_test
[ 65%] Built target ctp_position_ledger_test
Consolidate compiler generated dependencies of target risk_manager_test
[ 66%] Building CXX object CMakeFiles/risk_rule_executor_test.dir/tests/unit/risk/risk_rule_executor_test.cpp.o
[ 66%] Linking CXX executable self_trade_risk_engine_test
[ 66%] Building CXX object CMakeFiles/rate_limiter_test.dir/tests/unit/risk/rate_limiter_test.cpp.o
[ 67%] Building CXX object CMakeFiles/risk_manager_test.dir/tests/unit/risk/risk_manager_test.cpp.o
[ 67%] Linking CXX executable bar_aggregator_test
[ 68%] Linking CXX executable ctp_config_loader_test
[ 68%] Linking CXX executable flow_controller_test
[ 69%] Built target trading_permission_controller_test
[ 69%] Linking CXX executable market_bar_pipeline_test
[ 70%] Built target self_trade_risk_engine_test
[ 70%] Linking CXX executable dominant_contract_coordinator_test
[ 70%] Built target bar_aggregator_test
[ 70%] Linking CXX executable trading_session_calendar_test
[ 70%] Built target ctp_config_loader_test
[ 70%] Linking CXX executable market_data_csv_recorder_test
[ 70%] Built target flow_controller_test
[ 71%] Linking CXX executable timeframe_state_fanout_test
[ 71%] Built target market_bar_pipeline_test
[ 71%] Linking CXX executable order_state_machine_test
[ 71%] Built target dominant_contract_coordinator_test
[ 71%] Built target trading_session_calendar_test
[ 71%] Linking CXX executable timeout_cancel_tracker_test
[ 71%] Linking CXX executable execution_planner_test
[ 71%] Linking CXX executable rate_limiter_test
[ 72%] Built target market_data_csv_recorder_test
[ 72%] Linking CXX executable execution_router_test
[ 72%] Linking CXX executable risk_rule_executor_test
[ 72%] Built target timeframe_state_fanout_test
[ 73%] Building CXX object CMakeFiles/execution_engine_test.dir/tests/unit/services/execution_engine_test.cpp.o
[ 73%] Built target order_state_machine_test
[ 74%] Building CXX object CMakeFiles/order_manager_test.dir/tests/unit/services/order_manager_test.cpp.o
[ 74%] Built target timeout_cancel_tracker_test
[ 74%] Built target execution_planner_test
[ 74%] Linking CXX executable position_manager_test
[ 74%] Built target rate_limiter_test
[ 74%] Building CXX object CMakeFiles/settlement_query_client_test.dir/tests/unit/services/settlement_query_client_test.cpp.o
[ 74%] Linking CXX executable settlement_price_provider_test
[ 75%] Built target execution_router_test
[ 75%] Built target risk_rule_executor_test
[ 75%] Building CXX object CMakeFiles/daily_settlement_service_test.dir/tests/unit/services/daily_settlement_service_test.cpp.o
[ 75%] Linking CXX executable rule_market_state_engine_test
[ 75%] Linking CXX executable risk_manager_test
[ 75%] Built target position_manager_test
[ 75%] Built target settlement_price_provider_test
[ 75%] Linking CXX executable market_state_detector_test
[ 75%] Linking CXX executable metric_registry_test
[ 75%] Built target rule_market_state_engine_test
[ 75%] Linking CXX executable indicator_trace_parquet_writer_test
[ 76%] Built target metric_registry_test
[ 77%] Built target market_state_detector_test
[ 77%] Linking CXX executable indicator_trace_csv_writer_test
[ 77%] Linking CXX executable sub_strategy_indicator_trace_parquet_writer_test
[ 77%] Built target risk_manager_test
[ 77%] Linking CXX executable sub_strategy_indicator_trace_csv_writer_test
[ 77%] Built target indicator_trace_csv_writer_test
[ 78%] Linking CXX executable product_fee_config_loader_test
[ 79%] Built target indicator_trace_parquet_writer_test
[ 79%] Built target sub_strategy_indicator_trace_csv_writer_test
[ 79%] Linking CXX executable contract_expiry_calendar_test
[ 80%] Linking CXX executable live_data_feed_test
[ 81%] Built target sub_strategy_indicator_trace_parquet_writer_test
[ 82%] Linking CXX executable broker_test
[ 82%] Linking CXX executable order_manager_test
[ 82%] Built target product_fee_config_loader_test
[ 83%] Linking CXX executable engine_test
[ 83%] Built target live_data_feed_test
[ 84%] Built target contract_expiry_calendar_test
[ 84%] Linking CXX executable backtest_metrics_test
[ 85%] Linking CXX executable performance_test
[ 85%] Built target broker_test
[ 85%] Linking CXX executable base_strategy_test
[ 85%] Built target order_manager_test
[ 85%] Built target performance_test
[ 85%] Linking CXX executable atomic_factory_test
[ 85%] Linking CXX executable atomic_strategy_interface_test
[ 85%] Built target backtest_metrics_test
[ 85%] Linking CXX executable strategy_registry_test
[ 85%] Built target engine_test
[ 86%] Building CXX object CMakeFiles/strategy_engine_test.dir/tests/unit/strategy/strategy_engine_test.cpp.o
[ 87%] Linking CXX executable settlement_query_client_test
[ 88%] Built target base_strategy_test
[ 88%] Linking CXX executable signal_merger_test
[ 89%] Built target atomic_factory_test
[ 90%] Built target atomic_strategy_interface_test
[ 91%] Linking CXX executable state_persistence_test
[ 92%] Linking CXX executable demo_live_strategy_test
[ 93%] Built target strategy_registry_test
[ 93%] Building CXX object CMakeFiles/composite_config_loader_test.dir/tests/unit/strategy/composite_config_loader_test.cpp.o
[ 93%] Built target signal_merger_test
[ 93%] Built target demo_live_strategy_test
[ 93%] Built target state_persistence_test
[ 93%] Building CXX object CMakeFiles/composite_strategy_test.dir/tests/unit/strategy/composite_strategy_test.cpp.o
[ 93%] Building CXX object CMakeFiles/strategy_main_config_loader_test.dir/tests/unit/strategy/strategy_main_config_loader_test.cpp.o
[ 93%] Building CXX object CMakeFiles/atomic_strategies_test.dir/tests/unit/strategy/atomic_strategies_test.cpp.o
[ 93%] Built target settlement_query_client_test
[ 93%] Linking CXX executable sma_test
[ 93%] Linking CXX executable execution_engine_test
[ 93%] Built target sma_test
[ 93%] Linking CXX executable ema_test
[ 93%] Linking CXX executable daily_settlement_service_test
[ 93%] Built target execution_engine_test
[ 93%] Built target ema_test
[ 95%] Linking CXX executable atr_test
[ 95%] Linking CXX executable kama_test
[ 95%] Built target daily_settlement_service_test
[ 95%] Linking CXX executable adx_test
[ 95%] Built target kama_test
[ 95%] Built target atr_test
[ 95%] Linking CXX executable cli_support_test
[ 96%] Linking CXX executable composite_config_loader_test
[ 97%] Linking CXX executable rolling_config_test
[ 97%] Linking CXX executable strategy_main_config_loader_test
[ 97%] Built target cli_support_test
[ 97%] Built target adx_test
[ 97%] Built target composite_config_loader_test
[ 98%] Linking CXX executable window_generator_test
[ 98%] Building CXX object CMakeFiles/metric_extractor_test.dir/tests/unit/apps/metric_extractor_test.cpp.o
[ 98%] Linking CXX executable atomic_strategies_test
[ 98%] Building CXX object CMakeFiles/rolling_runner_fixed_test.dir/tests/unit/apps/rolling_runner_fixed_test.cpp.o
[ 98%] Built target rolling_config_test
[ 98%] Building CXX object CMakeFiles/rolling_runner_optimize_test.dir/tests/unit/apps/rolling_runner_optimize_test.cpp.o
[ 98%] Built target strategy_main_config_loader_test
[ 98%] Building CXX object CMakeFiles/oos_top10_validation_test.dir/tests/unit/apps/oos_top10_validation_test.cpp.o
[ 98%] Built target atomic_strategies_test
[ 98%] Building CXX object CMakeFiles/run_backtest_spec_parallel_smoke_test.dir/tests/unit/apps/run_backtest_spec_parallel_smoke_test.cpp.o
[ 98%] Built target window_generator_test
[ 98%] Built target ops_cli_test
[ 98%] Built target simnow_wal_export_cli_test
[ 98%] Linking CXX executable hotpath_benchmark
[ 99%] Built target hotpath_benchmark
[ 99%] Linking CXX executable hotpath_hybrid
[ 99%] Built target hotpath_hybrid
[ 99%] Linking CXX executable composite_strategy_test
[ 99%] Linking CXX executable strategy_engine_test
[ 99%] Built target composite_strategy_test
[ 99%] Linking CXX executable metric_extractor_test
[ 99%] Built target strategy_engine_test
[ 99%] Linking CXX executable rolling_runner_fixed_test
[100%] Linking CXX executable rolling_runner_optimize_test
[100%] Linking CXX executable run_backtest_spec_parallel_smoke_test
[100%] Linking CXX executable oos_top10_validation_test
[100%] Built target metric_extractor_test
[100%] Built target rolling_runner_fixed_test
[100%] Built target rolling_runner_optimize_test
[100%] Built target run_backtest_spec_parallel_smoke_test
[100%] Built target oos_top10_validation_test
