Running main() from /tmp/quant-hft-build/_deps/googletest-src/googletest/src/gtest_main.cc
Note: Google Test filter = ReplayMarketParityTest.DefaultRiskFileOverridesCtpVolumeLimitExactlyAsLive:ReplayMarketParityTest.OrderNotionalUsesSharedLiveUnitsWithoutExtraMultiplier
[==========] Running 2 tests from 1 test suite.
[----------] Global test environment set-up.
[----------] 2 tests from ReplayMarketParityTest
[ RUN      ] ReplayMarketParityTest.DefaultRiskFileOverridesCtpVolumeLimitExactlyAsLive
/home/kevin/quant_platform_HF/tests/unit/apps/replay_market_parity_test.cpp:457: Failure
Expected equality of these values:
  !result.trades.empty()
    Which is: true
  decision.allowed
    Which is: false

[  FAILED  ] ReplayMarketParityTest.DefaultRiskFileOverridesCtpVolumeLimitExactlyAsLive (16 ms)
[ RUN      ] ReplayMarketParityTest.OrderNotionalUsesSharedLiveUnitsWithoutExtraMultiplier
/home/kevin/quant_platform_HF/tests/unit/apps/replay_market_parity_test.cpp:457: Failure
Expected equality of these values:
  !result.trades.empty()
    Which is: false
  decision.allowed
    Which is: true

[  FAILED  ] ReplayMarketParityTest.OrderNotionalUsesSharedLiveUnitsWithoutExtraMultiplier (11 ms)
[----------] 2 tests from ReplayMarketParityTest (28 ms total)

[----------] Global test environment tear-down
[==========] 2 tests from 1 test suite ran. (28 ms total)
[  PASSED  ] 0 tests.
[  FAILED  ] 2 tests, listed below:
[  FAILED  ] ReplayMarketParityTest.DefaultRiskFileOverridesCtpVolumeLimitExactlyAsLive
[  FAILED  ] ReplayMarketParityTest.OrderNotionalUsesSharedLiveUnitsWithoutExtraMultiplier

 2 FAILED TESTS
